ARM Linker, 4.1 [Build 894] [Evaluation]

==============================================================================

Section Cross References

    startup_stm32f4xx.o(RESET) refers to startup_stm32f4xx.o(STACK) for __initial_sp
    startup_stm32f4xx.o(RESET) refers to startup_stm32f4xx.o(.text) for Reset_Handler
    startup_stm32f4xx.o(RESET) refers to stm32f4xx_it.o(.text) for NMI_Handler
    startup_stm32f4xx.o(.text) refers to system_stm32f4xx.o(.text) for SystemInit
    startup_stm32f4xx.o(.text) refers to entry.o(.ARM.Collect$$$$00000000) for __main
    main.o(.text) refers to discovery_led_set.o(.text) for Discovery_Led_Set_Configuration
    main.o(.text) refers to adc_get.o(.text) for ADC_Get_Configuration
    main.o(.text) refers to pwm_set.o(.text) for PWM_Set_Configuration
    main.o(.text) refers to pwm_get.o(.text) for PWM_Get_Configuration
    main.o(.text) refers to stm32f4xx_adc.o(.text) for ADC_SoftwareStartConv
    main.o(.text) refers to stm32f4_discovery.o(.text) for STM_EVAL_LEDOn
    main.o(.text) refers to main.o(.data) for ADC3ConvertedValue
    stm32f4xx_it.o(.text) refers to stm32f4xx_rcc.o(.text) for RCC_GetClocksFreq
    stm32f4xx_it.o(.text) refers to stm32f4xx_tim.o(.text) for TIM_ClearITPendingBit
    stm32f4xx_it.o(.text) refers to stm32f4xx_it.o(.data) for IC2Value1
    pwm_set.o(.text) refers to stm32f4xx_rcc.o(.text) for RCC_APB1PeriphClockCmd
    pwm_set.o(.text) refers to stm32f4xx_gpio.o(.text) for GPIO_Init
    pwm_set.o(.text) refers to stm32f4xx_tim.o(.text) for TIM_TimeBaseInit
    pwm_set.o(.text) refers to system_stm32f4xx.o(.data) for SystemCoreClock
    pwm_set.o(.text) refers to pwm_set.o(.data) for CCR1_Val
    pwm_get.o(.text) refers to stm32f4xx_rcc.o(.text) for RCC_APB1PeriphClockCmd
    pwm_get.o(.text) refers to stm32f4xx_gpio.o(.text) for GPIO_Init
    pwm_get.o(.text) refers to misc.o(.text) for NVIC_Init
    pwm_get.o(.text) refers to stm32f4xx_tim.o(.text) for TIM_TimeBaseInit
    adc_get.o(.text) refers to stm32f4xx_rcc.o(.text) for RCC_AHB1PeriphClockCmd
    adc_get.o(.text) refers to stm32f4xx_dma.o(.text) for DMA_Init
    adc_get.o(.text) refers to stm32f4xx_gpio.o(.text) for GPIO_Init
    adc_get.o(.text) refers to stm32f4xx_adc.o(.text) for ADC_CommonInit
    adc_get.o(.text) refers to main.o(.data) for ADC3ConvertedValue
    discovery_led_set.o(.text) refers to stm32f4xx_rcc.o(.text) for RCC_AHB1PeriphClockCmd
    discovery_led_set.o(.text) refers to stm32f4xx_gpio.o(.text) for GPIO_Init
    stm32f4_discovery.o(.text) refers to stm32f4xx_rcc.o(.text) for RCC_AHB1PeriphClockCmd
    stm32f4_discovery.o(.text) refers to stm32f4xx_gpio.o(.text) for GPIO_Init
    stm32f4_discovery.o(.text) refers to stm32f4xx_syscfg.o(.text) for SYSCFG_EXTILineConfig
    stm32f4_discovery.o(.text) refers to stm32f4xx_exti.o(.text) for EXTI_Init
    stm32f4_discovery.o(.text) refers to misc.o(.text) for NVIC_Init
    stm32f4_discovery.o(.text) refers to stm32f4_discovery.o(.constdata) for GPIO_CLK
    stm32f4_discovery.o(.text) refers to stm32f4_discovery.o(.data) for GPIO_PORT
    system_stm32f4xx.o(.text) refers to system_stm32f4xx.o(.data) for SystemCoreClock
    stm32f4xx_adc.o(.text) refers to stm32f4xx_rcc.o(.text) for RCC_APB2PeriphResetCmd
    stm32f4xx_can.o(.text) refers to stm32f4xx_rcc.o(.text) for RCC_APB1PeriphResetCmd
    stm32f4xx_cryp.o(.text) refers to stm32f4xx_rcc.o(.text) for RCC_AHB2PeriphResetCmd
    stm32f4xx_cryp_aes.o(.text) refers to stm32f4xx_cryp.o(.text) for CRYP_KeyStructInit
    stm32f4xx_cryp_des.o(.text) refers to stm32f4xx_cryp.o(.text) for CRYP_KeyStructInit
    stm32f4xx_cryp_tdes.o(.text) refers to stm32f4xx_cryp.o(.text) for CRYP_KeyStructInit
    stm32f4xx_dac.o(.text) refers to stm32f4xx_rcc.o(.text) for RCC_APB1PeriphResetCmd
    stm32f4xx_gpio.o(.text) refers to stm32f4xx_rcc.o(.text) for RCC_AHB1PeriphResetCmd
    stm32f4xx_hash.o(.text) refers to stm32f4xx_rcc.o(.text) for RCC_AHB2PeriphResetCmd
    stm32f4xx_hash_md5.o(.text) refers to stm32f4xx_hash.o(.text) for HASH_DeInit
    stm32f4xx_hash_sha1.o(.text) refers to stm32f4xx_hash.o(.text) for HASH_DeInit
    stm32f4xx_i2c.o(.text) refers to stm32f4xx_rcc.o(.text) for RCC_APB1PeriphResetCmd
    stm32f4xx_pwr.o(.text) refers to stm32f4xx_rcc.o(.text) for RCC_APB1PeriphResetCmd
    stm32f4xx_rcc.o(.text) refers to stm32f4xx_rcc.o(.data) for APBAHBPrescTable
    stm32f4xx_rng.o(.text) refers to stm32f4xx_rcc.o(.text) for RCC_AHB2PeriphResetCmd
    stm32f4xx_sdio.o(.text) refers to stm32f4xx_rcc.o(.text) for RCC_APB2PeriphResetCmd
    stm32f4xx_spi.o(.text) refers to stm32f4xx_rcc.o(.text) for RCC_APB2PeriphResetCmd
    stm32f4xx_syscfg.o(.text) refers to stm32f4xx_rcc.o(.text) for RCC_APB2PeriphResetCmd
    stm32f4xx_tim.o(.text) refers to stm32f4xx_rcc.o(.text) for RCC_APB2PeriphResetCmd
    stm32f4xx_usart.o(.text) refers to stm32f4xx_rcc.o(.text) for RCC_APB2PeriphResetCmd
    stm32f4xx_wwdg.o(.text) refers to stm32f4xx_rcc.o(.text) for RCC_APB1PeriphResetCmd
    entry.o(.ARM.Collect$$$$00000000) refers (Special) to entry7b.o(.ARM.Collect$$$$00000008) for _main_clock
    entry.o(.ARM.Collect$$$$00000000) refers (Special) to entry8.o(.ARM.Collect$$$$00000009) for _main_init
    entry.o(.ARM.Collect$$$$00000000) refers (Special) to entry5.o(.ARM.Collect$$$$00000004) for _main_scatterload
    entry.o(.ARM.Collect$$$$00000000) refers (Special) to entry2.o(.ARM.Collect$$$$00000001) for _main_stk
    entry2.o(.ARM.Collect$$$$00000001) refers to entry2.o(.ARM.Collect$$$$00002712) for __lit__00000000
    entry2.o(.ARM.Collect$$$$00002712) refers to startup_stm32f4xx.o(STACK) for __initial_sp
    entry2.o(__vectab_stack_and_reset_area) refers to startup_stm32f4xx.o(STACK) for __initial_sp
    entry2.o(__vectab_stack_and_reset_area) refers to entry.o(.ARM.Collect$$$$00000000) for __main
    entry5.o(.ARM.Collect$$$$00000004) refers to init.o(.text) for __scatterload
    entry8.o(.ARM.Collect$$$$00000009) refers to main.o(.text) for main
    init.o(.text) refers to entry5.o(.ARM.Collect$$$$00000004) for __main_after_scatterload


==============================================================================

Removing Unused input sections from the image.

    Removing startup_stm32f4xx.o(HEAP), (512 bytes).
    Removing main.o(.emb_text), (8 bytes).
    Removing stm32f4xx_it.o(.emb_text), (8 bytes).
    Removing pwm_set.o(.emb_text), (8 bytes).
    Removing pwm_get.o(.emb_text), (8 bytes).
    Removing adc_get.o(.emb_text), (8 bytes).
    Removing can.o(.emb_text), (8 bytes).
    Removing led_i2c_set.o(.emb_text), (8 bytes).
    Removing motor_speed_get.o(.emb_text), (8 bytes).
    Removing discovery_led_set.o(.emb_text), (8 bytes).
    Removing stm32f4_discovery.o(.emb_text), (8 bytes).
    Removing system_stm32f4xx.o(.emb_text), (8 bytes).
    Removing misc.o(.emb_text), (8 bytes).
    Removing stm32f4xx_adc.o(.emb_text), (8 bytes).
    Removing stm32f4xx_can.o(.emb_text), (8 bytes).
    Removing stm32f4xx_can.o(.text), (2548 bytes).
    Removing stm32f4xx_crc.o(.emb_text), (8 bytes).
    Removing stm32f4xx_crc.o(.text), (72 bytes).
    Removing stm32f4xx_cryp.o(.emb_text), (8 bytes).
    Removing stm32f4xx_cryp.o(.text), (648 bytes).
    Removing stm32f4xx_cryp_aes.o(.emb_text), (8 bytes).
    Removing stm32f4xx_cryp_aes.o(.text), (1578 bytes).
    Removing stm32f4xx_cryp_des.o(.emb_text), (8 bytes).
    Removing stm32f4xx_cryp_des.o(.text), (490 bytes).
    Removing stm32f4xx_cryp_tdes.o(.emb_text), (8 bytes).
    Removing stm32f4xx_cryp_tdes.o(.text), (554 bytes).
    Removing stm32f4xx_dac.o(.emb_text), (8 bytes).
    Removing stm32f4xx_dac.o(.text), (496 bytes).
    Removing stm32f4xx_dbgmcu.o(.emb_text), (8 bytes).
    Removing stm32f4xx_dbgmcu.o(.text), (100 bytes).
    Removing stm32f4xx_dcmi.o(.emb_text), (8 bytes).
    Removing stm32f4xx_dcmi.o(.text), (396 bytes).
    Removing stm32f4xx_dma.o(.emb_text), (8 bytes).
    Removing stm32f4xx_exti.o(.emb_text), (8 bytes).
    Removing stm32f4xx_flash.o(.emb_text), (8 bytes).
    Removing stm32f4xx_flash.o(.text), (1204 bytes).
    Removing stm32f4xx_fsmc.o(.emb_text), (8 bytes).
    Removing stm32f4xx_fsmc.o(.text), (1568 bytes).
    Removing stm32f4xx_gpio.o(.emb_text), (8 bytes).
    Removing stm32f4xx_hash.o(.emb_text), (8 bytes).
    Removing stm32f4xx_hash.o(.text), (496 bytes).
    Removing stm32f4xx_hash_md5.o(.emb_text), (8 bytes).
    Removing stm32f4xx_hash_md5.o(.text), (522 bytes).
    Removing stm32f4xx_hash_sha1.o(.emb_text), (8 bytes).
    Removing stm32f4xx_hash_sha1.o(.text), (536 bytes).
    Removing stm32f4xx_i2c.o(.emb_text), (8 bytes).
    Removing stm32f4xx_i2c.o(.text), (1052 bytes).
    Removing stm32f4xx_iwdg.o(.emb_text), (8 bytes).
    Removing stm32f4xx_iwdg.o(.text), (64 bytes).
    Removing stm32f4xx_pwr.o(.emb_text), (8 bytes).
    Removing stm32f4xx_pwr.o(.text), (252 bytes).
    Removing stm32f4xx_rcc.o(.emb_text), (8 bytes).
    Removing stm32f4xx_rng.o(.emb_text), (8 bytes).
    Removing stm32f4xx_rng.o(.text), (160 bytes).
    Removing stm32f4xx_rtc.o(.emb_text), (8 bytes).
    Removing stm32f4xx_rtc.o(.text), (3308 bytes).
    Removing stm32f4xx_sdio.o(.emb_text), (8 bytes).
    Removing stm32f4xx_sdio.o(.text), (476 bytes).
    Removing stm32f4xx_spi.o(.emb_text), (8 bytes).
    Removing stm32f4xx_spi.o(.text), (1024 bytes).
    Removing stm32f4xx_syscfg.o(.emb_text), (8 bytes).
    Removing stm32f4xx_tim.o(.emb_text), (8 bytes).
    Removing stm32f4xx_usart.o(.emb_text), (8 bytes).
    Removing stm32f4xx_usart.o(.text), (1058 bytes).
    Removing stm32f4xx_wwdg.o(.emb_text), (8 bytes).
    Removing stm32f4xx_wwdg.o(.text), (132 bytes).

66 unused section(s) (total 19582 bytes) removed from the image.

==============================================================================

Image Symbol Table

    Local Symbols

    Symbol Name                              Value     Ov Type        Size  Object(Section)

    ../../microlib/init/entry.s              0x00000000   Number         0  entry.o ABSOLUTE
    ../../microlib/init/entry.s              0x00000000   Number         0  entry8.o ABSOLUTE
    ../../microlib/init/entry.s              0x00000000   Number         0  entry7b.o ABSOLUTE
    ../../microlib/init/entry.s              0x00000000   Number         0  entry7a.o ABSOLUTE
    ../../microlib/init/entry.s              0x00000000   Number         0  entry5.o ABSOLUTE
    ../../microlib/init/entry.s              0x00000000   Number         0  entry2.o ABSOLUTE
    dc.s                                     0x00000000   Number         0  dc.o ABSOLUTE
    handlers.s                               0x00000000   Number         0  handlers.o ABSOLUTE
    init.s                                   0x00000000   Number         0  init.o ABSOLUTE
    lib\\src\\peripherals\\misc.c            0x00000000   Number         0  misc.o ABSOLUTE
    lib\\src\\peripherals\\stm32f4xx_adc.c   0x00000000   Number         0  stm32f4xx_adc.o ABSOLUTE
    lib\\src\\peripherals\\stm32f4xx_can.c   0x00000000   Number         0  stm32f4xx_can.o ABSOLUTE
    lib\\src\\peripherals\\stm32f4xx_crc.c   0x00000000   Number         0  stm32f4xx_crc.o ABSOLUTE
    lib\\src\\peripherals\\stm32f4xx_cryp.c  0x00000000   Number         0  stm32f4xx_cryp.o ABSOLUTE
    lib\\src\\peripherals\\stm32f4xx_cryp_aes.c 0x00000000   Number         0  stm32f4xx_cryp_aes.o ABSOLUTE
    lib\\src\\peripherals\\stm32f4xx_cryp_des.c 0x00000000   Number         0  stm32f4xx_cryp_des.o ABSOLUTE
    lib\\src\\peripherals\\stm32f4xx_cryp_tdes.c 0x00000000   Number         0  stm32f4xx_cryp_tdes.o ABSOLUTE
    lib\\src\\peripherals\\stm32f4xx_dac.c   0x00000000   Number         0  stm32f4xx_dac.o ABSOLUTE
    lib\\src\\peripherals\\stm32f4xx_dbgmcu.c 0x00000000   Number         0  stm32f4xx_dbgmcu.o ABSOLUTE
    lib\\src\\peripherals\\stm32f4xx_dcmi.c  0x00000000   Number         0  stm32f4xx_dcmi.o ABSOLUTE
    lib\\src\\peripherals\\stm32f4xx_dma.c   0x00000000   Number         0  stm32f4xx_dma.o ABSOLUTE
    lib\\src\\peripherals\\stm32f4xx_exti.c  0x00000000   Number         0  stm32f4xx_exti.o ABSOLUTE
    lib\\src\\peripherals\\stm32f4xx_flash.c 0x00000000   Number         0  stm32f4xx_flash.o ABSOLUTE
    lib\\src\\peripherals\\stm32f4xx_fsmc.c  0x00000000   Number         0  stm32f4xx_fsmc.o ABSOLUTE
    lib\\src\\peripherals\\stm32f4xx_gpio.c  0x00000000   Number         0  stm32f4xx_gpio.o ABSOLUTE
    lib\\src\\peripherals\\stm32f4xx_hash.c  0x00000000   Number         0  stm32f4xx_hash.o ABSOLUTE
    lib\\src\\peripherals\\stm32f4xx_hash_md5.c 0x00000000   Number         0  stm32f4xx_hash_md5.o ABSOLUTE
    lib\\src\\peripherals\\stm32f4xx_hash_sha1.c 0x00000000   Number         0  stm32f4xx_hash_sha1.o ABSOLUTE
    lib\\src\\peripherals\\stm32f4xx_i2c.c   0x00000000   Number         0  stm32f4xx_i2c.o ABSOLUTE
    lib\\src\\peripherals\\stm32f4xx_iwdg.c  0x00000000   Number         0  stm32f4xx_iwdg.o ABSOLUTE
    lib\\src\\peripherals\\stm32f4xx_pwr.c   0x00000000   Number         0  stm32f4xx_pwr.o ABSOLUTE
    lib\\src\\peripherals\\stm32f4xx_rcc.c   0x00000000   Number         0  stm32f4xx_rcc.o ABSOLUTE
    lib\\src\\peripherals\\stm32f4xx_rng.c   0x00000000   Number         0  stm32f4xx_rng.o ABSOLUTE
    lib\\src\\peripherals\\stm32f4xx_rtc.c   0x00000000   Number         0  stm32f4xx_rtc.o ABSOLUTE
    lib\\src\\peripherals\\stm32f4xx_sdio.c  0x00000000   Number         0  stm32f4xx_sdio.o ABSOLUTE
    lib\\src\\peripherals\\stm32f4xx_spi.c   0x00000000   Number         0  stm32f4xx_spi.o ABSOLUTE
    lib\\src\\peripherals\\stm32f4xx_syscfg.c 0x00000000   Number         0  stm32f4xx_syscfg.o ABSOLUTE
    lib\\src\\peripherals\\stm32f4xx_tim.c   0x00000000   Number         0  stm32f4xx_tim.o ABSOLUTE
    lib\\src\\peripherals\\stm32f4xx_usart.c 0x00000000   Number         0  stm32f4xx_usart.o ABSOLUTE
    lib\\src\\peripherals\\stm32f4xx_wwdg.c  0x00000000   Number         0  stm32f4xx_wwdg.o ABSOLUTE
    lib\\src\\stm32f4_discovery.c            0x00000000   Number         0  stm32f4_discovery.o ABSOLUTE
    lib\\src\\system_stm32f4xx.c             0x00000000   Number         0  system_stm32f4xx.o ABSOLUTE
    lib\src\peripherals\misc.c               0x00000000   Number         0  misc.o ABSOLUTE
    lib\src\peripherals\stm32f4xx_adc.c      0x00000000   Number         0  stm32f4xx_adc.o ABSOLUTE
    lib\src\peripherals\stm32f4xx_can.c      0x00000000   Number         0  stm32f4xx_can.o ABSOLUTE
    lib\src\peripherals\stm32f4xx_crc.c      0x00000000   Number         0  stm32f4xx_crc.o ABSOLUTE
    lib\src\peripherals\stm32f4xx_cryp.c     0x00000000   Number         0  stm32f4xx_cryp.o ABSOLUTE
    lib\src\peripherals\stm32f4xx_cryp_aes.c 0x00000000   Number         0  stm32f4xx_cryp_aes.o ABSOLUTE
    lib\src\peripherals\stm32f4xx_cryp_des.c 0x00000000   Number         0  stm32f4xx_cryp_des.o ABSOLUTE
    lib\src\peripherals\stm32f4xx_cryp_tdes.c 0x00000000   Number         0  stm32f4xx_cryp_tdes.o ABSOLUTE
    lib\src\peripherals\stm32f4xx_dac.c      0x00000000   Number         0  stm32f4xx_dac.o ABSOLUTE
    lib\src\peripherals\stm32f4xx_dbgmcu.c   0x00000000   Number         0  stm32f4xx_dbgmcu.o ABSOLUTE
    lib\src\peripherals\stm32f4xx_dcmi.c     0x00000000   Number         0  stm32f4xx_dcmi.o ABSOLUTE
    lib\src\peripherals\stm32f4xx_dma.c      0x00000000   Number         0  stm32f4xx_dma.o ABSOLUTE
    lib\src\peripherals\stm32f4xx_exti.c     0x00000000   Number         0  stm32f4xx_exti.o ABSOLUTE
    lib\src\peripherals\stm32f4xx_flash.c    0x00000000   Number         0  stm32f4xx_flash.o ABSOLUTE
    lib\src\peripherals\stm32f4xx_fsmc.c     0x00000000   Number         0  stm32f4xx_fsmc.o ABSOLUTE
    lib\src\peripherals\stm32f4xx_gpio.c     0x00000000   Number         0  stm32f4xx_gpio.o ABSOLUTE
    lib\src\peripherals\stm32f4xx_hash.c     0x00000000   Number         0  stm32f4xx_hash.o ABSOLUTE
    lib\src\peripherals\stm32f4xx_hash_md5.c 0x00000000   Number         0  stm32f4xx_hash_md5.o ABSOLUTE
    lib\src\peripherals\stm32f4xx_hash_sha1.c 0x00000000   Number         0  stm32f4xx_hash_sha1.o ABSOLUTE
    lib\src\peripherals\stm32f4xx_i2c.c      0x00000000   Number         0  stm32f4xx_i2c.o ABSOLUTE
    lib\src\peripherals\stm32f4xx_iwdg.c     0x00000000   Number         0  stm32f4xx_iwdg.o ABSOLUTE
    lib\src\peripherals\stm32f4xx_pwr.c      0x00000000   Number         0  stm32f4xx_pwr.o ABSOLUTE
    lib\src\peripherals\stm32f4xx_rcc.c      0x00000000   Number         0  stm32f4xx_rcc.o ABSOLUTE
    lib\src\peripherals\stm32f4xx_rng.c      0x00000000   Number         0  stm32f4xx_rng.o ABSOLUTE
    lib\src\peripherals\stm32f4xx_rtc.c      0x00000000   Number         0  stm32f4xx_rtc.o ABSOLUTE
    lib\src\peripherals\stm32f4xx_sdio.c     0x00000000   Number         0  stm32f4xx_sdio.o ABSOLUTE
    lib\src\peripherals\stm32f4xx_spi.c      0x00000000   Number         0  stm32f4xx_spi.o ABSOLUTE
    lib\src\peripherals\stm32f4xx_syscfg.c   0x00000000   Number         0  stm32f4xx_syscfg.o ABSOLUTE
    lib\src\peripherals\stm32f4xx_tim.c      0x00000000   Number         0  stm32f4xx_tim.o ABSOLUTE
    lib\src\peripherals\stm32f4xx_usart.c    0x00000000   Number         0  stm32f4xx_usart.o ABSOLUTE
    lib\src\peripherals\stm32f4xx_wwdg.c     0x00000000   Number         0  stm32f4xx_wwdg.o ABSOLUTE
    lib\src\stm32f4_discovery.c              0x00000000   Number         0  stm32f4_discovery.o ABSOLUTE
    lib\src\system_stm32f4xx.c               0x00000000   Number         0  system_stm32f4xx.o ABSOLUTE
    src\ADC_Get.c                            0x00000000   Number         0  adc_get.o ABSOLUTE
    src\Can.c                                0x00000000   Number         0  can.o ABSOLUTE
    src\Discovery_Led_Set.c                  0x00000000   Number         0  discovery_led_set.o ABSOLUTE
    src\Led_I2C_Set.c                        0x00000000   Number         0  led_i2c_set.o ABSOLUTE
    src\Motor_Speed_Get.c                    0x00000000   Number         0  motor_speed_get.o ABSOLUTE
    src\PWM_Get.c                            0x00000000   Number         0  pwm_get.o ABSOLUTE
    src\PWM_Set.c                            0x00000000   Number         0  pwm_set.o ABSOLUTE
    src\\ADC_Get.c                           0x00000000   Number         0  adc_get.o ABSOLUTE
    src\\Can.c                               0x00000000   Number         0  can.o ABSOLUTE
    src\\Discovery_Led_Set.c                 0x00000000   Number         0  discovery_led_set.o ABSOLUTE
    src\\Led_I2C_Set.c                       0x00000000   Number         0  led_i2c_set.o ABSOLUTE
    src\\Motor_Speed_Get.c                   0x00000000   Number         0  motor_speed_get.o ABSOLUTE
    src\\PWM_Get.c                           0x00000000   Number         0  pwm_get.o ABSOLUTE
    src\\PWM_Set.c                           0x00000000   Number         0  pwm_set.o ABSOLUTE
    src\\main.c                              0x00000000   Number         0  main.o ABSOLUTE
    src\\stm32f4xx_it.c                      0x00000000   Number         0  stm32f4xx_it.o ABSOLUTE
    src\main.c                               0x00000000   Number         0  main.o ABSOLUTE
    src\stm32f4xx_it.c                       0x00000000   Number         0  stm32f4xx_it.o ABSOLUTE
    startup_stm32f4xx.s                      0x00000000   Number         0  startup_stm32f4xx.o ABSOLUTE
    RESET                                    0x08000000   Section      392  startup_stm32f4xx.o(RESET)
    .ARM.Collect$$$$00000000                 0x08000188   Section        0  entry.o(.ARM.Collect$$$$00000000)
    .ARM.Collect$$$$00000001                 0x08000188   Section        4  entry2.o(.ARM.Collect$$$$00000001)
    .ARM.Collect$$$$00000004                 0x0800018c   Section        4  entry5.o(.ARM.Collect$$$$00000004)
    .ARM.Collect$$$$00000008                 0x08000190   Section        0  entry7b.o(.ARM.Collect$$$$00000008)
    .ARM.Collect$$$$00000009                 0x08000190   Section        8  entry8.o(.ARM.Collect$$$$00000009)
    .ARM.Collect$$$$00002712                 0x08000198   Section        4  entry2.o(.ARM.Collect$$$$00002712)
    __lit__00000000                          0x08000198   Data           4  entry2.o(.ARM.Collect$$$$00002712)
    .text                                    0x0800019c   Section       52  startup_stm32f4xx.o(.text)
    $v0                                      0x0800019c   Number         0  startup_stm32f4xx.o(.text)
    .text                                    0x080001d0   Section        0  main.o(.text)
    .text                                    0x08000218   Section        0  stm32f4xx_it.o(.text)
    .text                                    0x080002fc   Section        0  pwm_set.o(.text)
    .text                                    0x080003dc   Section        0  pwm_get.o(.text)
    .text                                    0x08000520   Section        0  adc_get.o(.text)
    .text                                    0x08000620   Section        0  discovery_led_set.o(.text)
    .text                                    0x08000658   Section        0  stm32f4_discovery.o(.text)
    .text                                    0x0800079c   Section        0  system_stm32f4xx.o(.text)
    SetSysClock                              0x0800079d   Thumb Code   198  system_stm32f4xx.o(.text)
    .text                                    0x0800098c   Section        0  misc.o(.text)
    .text                                    0x08000a70   Section        0  stm32f4xx_adc.o(.text)
    .text                                    0x08000ed4   Section        0  stm32f4xx_dma.o(.text)
    .text                                    0x08001284   Section        0  stm32f4xx_exti.o(.text)
    .text                                    0x080013a0   Section        0  stm32f4xx_gpio.o(.text)
    .text                                    0x080015ec   Section        0  stm32f4xx_rcc.o(.text)
    .text                                    0x08001b64   Section        0  stm32f4xx_syscfg.o(.text)
    .text                                    0x08001bf0   Section        0  stm32f4xx_tim.o(.text)
    TI4_Config                               0x08002375   Thumb Code    68  stm32f4xx_tim.o(.text)
    TI3_Config                               0x080023cb   Thumb Code    64  stm32f4xx_tim.o(.text)
    TI2_Config                               0x08002421   Thumb Code    68  stm32f4xx_tim.o(.text)
    TI1_Config                               0x08002477   Thumb Code    68  stm32f4xx_tim.o(.text)
    .text                                    0x08002860   Section       36  init.o(.text)
    i.__scatterload_copy                     0x08002884   Section       14  handlers.o(i.__scatterload_copy)
    i.__scatterload_null                     0x08002892   Section        2  handlers.o(i.__scatterload_null)
    i.__scatterload_zeroinit                 0x08002894   Section       14  handlers.o(i.__scatterload_zeroinit)
    .constdata                               0x080028a4   Section       37  stm32f4_discovery.o(.constdata)
    .data                                    0x20000000   Section        4  main.o(.data)
    .data                                    0x20000004   Section       16  stm32f4xx_it.o(.data)
    .data                                    0x20000014   Section        4  pwm_set.o(.data)
    .data                                    0x20000018   Section       24  stm32f4_discovery.o(.data)
    .data                                    0x20000030   Section       20  system_stm32f4xx.o(.data)
    .data                                    0x20000044   Section       16  stm32f4xx_rcc.o(.data)
    APBAHBPrescTable                         0x20000044   Data          16  stm32f4xx_rcc.o(.data)
    STACK                                    0x20000058   Section     1024  startup_stm32f4xx.o(STACK)

    Global Symbols

    Symbol Name                              Value     Ov Type        Size  Object(Section)

    BuildAttributes$$THM_ISAv4$E$P$D$K$B$S$7EM$VFPi3$EXTD16$VFPS$VFMA$PE$A:L22UL41UL21$X:L11$S22US41US21$IEEE1$IW$USESV6$~STKCKD$USESV7$~SHL$OSPACE$EBA8$MICROLIB$REQ8$PRES8$EABIv2 0x00000000   Number         0  anon$$obj.o ABSOLUTE
    __ARM_use_no_argv                        0x00000000   Number         0  main.o ABSOLUTE
    __decompress                              - Undefined Weak Reference
    _clock_init                               - Undefined Weak Reference
    __Vectors_Size                           0x00000188   Number         0  startup_stm32f4xx.o ABSOLUTE
    __Vectors                                0x08000000   Data           4  startup_stm32f4xx.o(RESET)
    __Vectors_End                            0x08000188   Data           0  startup_stm32f4xx.o(RESET)
    __main                                   0x08000189   Thumb Code     0  entry.o(.ARM.Collect$$$$00000000)
    _main_stk                                0x08000189   Thumb Code     0  entry2.o(.ARM.Collect$$$$00000001)
    _main_scatterload                        0x0800018d   Thumb Code     0  entry5.o(.ARM.Collect$$$$00000004)
    __main_after_scatterload                 0x08000191   Thumb Code     0  entry5.o(.ARM.Collect$$$$00000004)
    _main_clock                              0x08000191   Thumb Code     0  entry7b.o(.ARM.Collect$$$$00000008)
    _main_init                               0x08000191   Thumb Code     0  entry8.o(.ARM.Collect$$$$00000009)
    Reset_Handler                            0x0800019d   Thumb Code    18  startup_stm32f4xx.o(.text)
    ADC_IRQHandler                           0x080001c1   Thumb Code     0  startup_stm32f4xx.o(.text)
    CAN1_RX0_IRQHandler                      0x080001c1   Thumb Code     0  startup_stm32f4xx.o(.text)
    CAN1_RX1_IRQHandler                      0x080001c1   Thumb Code     0  startup_stm32f4xx.o(.text)
    CAN1_SCE_IRQHandler                      0x080001c1   Thumb Code     0  startup_stm32f4xx.o(.text)
    CAN1_TX_IRQHandler                       0x080001c1   Thumb Code     0  startup_stm32f4xx.o(.text)
    CAN2_RX0_IRQHandler                      0x080001c1   Thumb Code     0  startup_stm32f4xx.o(.text)
    CAN2_RX1_IRQHandler                      0x080001c1   Thumb Code     0  startup_stm32f4xx.o(.text)
    CAN2_SCE_IRQHandler                      0x080001c1   Thumb Code     0  startup_stm32f4xx.o(.text)
    CAN2_TX_IRQHandler                       0x080001c1   Thumb Code     0  startup_stm32f4xx.o(.text)
    CRYP_IRQHandler                          0x080001c1   Thumb Code     0  startup_stm32f4xx.o(.text)
    DCMI_IRQHandler                          0x080001c1   Thumb Code     0  startup_stm32f4xx.o(.text)
    DMA1_Stream0_IRQHandler                  0x080001c1   Thumb Code     0  startup_stm32f4xx.o(.text)
    DMA1_Stream1_IRQHandler                  0x080001c1   Thumb Code     0  startup_stm32f4xx.o(.text)
    DMA1_Stream2_IRQHandler                  0x080001c1   Thumb Code     0  startup_stm32f4xx.o(.text)
    DMA1_Stream3_IRQHandler                  0x080001c1   Thumb Code     0  startup_stm32f4xx.o(.text)
    DMA1_Stream4_IRQHandler                  0x080001c1   Thumb Code     0  startup_stm32f4xx.o(.text)
    DMA1_Stream5_IRQHandler                  0x080001c1   Thumb Code     0  startup_stm32f4xx.o(.text)
    DMA1_Stream6_IRQHandler                  0x080001c1   Thumb Code     0  startup_stm32f4xx.o(.text)
    DMA1_Stream7_IRQHandler                  0x080001c1   Thumb Code     0  startup_stm32f4xx.o(.text)
    DMA2_Stream0_IRQHandler                  0x080001c1   Thumb Code     0  startup_stm32f4xx.o(.text)
    DMA2_Stream1_IRQHandler                  0x080001c1   Thumb Code     0  startup_stm32f4xx.o(.text)
    DMA2_Stream2_IRQHandler                  0x080001c1   Thumb Code     0  startup_stm32f4xx.o(.text)
    DMA2_Stream3_IRQHandler                  0x080001c1   Thumb Code     0  startup_stm32f4xx.o(.text)
    DMA2_Stream4_IRQHandler                  0x080001c1   Thumb Code     0  startup_stm32f4xx.o(.text)
    DMA2_Stream5_IRQHandler                  0x080001c1   Thumb Code     0  startup_stm32f4xx.o(.text)
    DMA2_Stream6_IRQHandler                  0x080001c1   Thumb Code     0  startup_stm32f4xx.o(.text)
    DMA2_Stream7_IRQHandler                  0x080001c1   Thumb Code     0  startup_stm32f4xx.o(.text)
    ETH_IRQHandler                           0x080001c1   Thumb Code     0  startup_stm32f4xx.o(.text)
    ETH_WKUP_IRQHandler                      0x080001c1   Thumb Code     0  startup_stm32f4xx.o(.text)
    EXTI0_IRQHandler                         0x080001c1   Thumb Code     0  startup_stm32f4xx.o(.text)
    EXTI15_10_IRQHandler                     0x080001c1   Thumb Code     0  startup_stm32f4xx.o(.text)
    EXTI1_IRQHandler                         0x080001c1   Thumb Code     0  startup_stm32f4xx.o(.text)
    EXTI2_IRQHandler                         0x080001c1   Thumb Code     0  startup_stm32f4xx.o(.text)
    EXTI3_IRQHandler                         0x080001c1   Thumb Code     0  startup_stm32f4xx.o(.text)
    EXTI4_IRQHandler                         0x080001c1   Thumb Code     0  startup_stm32f4xx.o(.text)
    EXTI9_5_IRQHandler                       0x080001c1   Thumb Code     0  startup_stm32f4xx.o(.text)
    FLASH_IRQHandler                         0x080001c1   Thumb Code     0  startup_stm32f4xx.o(.text)
    FPU_IRQHandler                           0x080001c1   Thumb Code     0  startup_stm32f4xx.o(.text)
    FSMC_IRQHandler                          0x080001c1   Thumb Code     0  startup_stm32f4xx.o(.text)
    HASH_RNG_IRQHandler                      0x080001c1   Thumb Code     0  startup_stm32f4xx.o(.text)
    I2C1_ER_IRQHandler                       0x080001c1   Thumb Code     0  startup_stm32f4xx.o(.text)
    I2C1_EV_IRQHandler                       0x080001c1   Thumb Code     0  startup_stm32f4xx.o(.text)
    I2C2_ER_IRQHandler                       0x080001c1   Thumb Code     0  startup_stm32f4xx.o(.text)
    I2C2_EV_IRQHandler                       0x080001c1   Thumb Code     0  startup_stm32f4xx.o(.text)
    I2C3_ER_IRQHandler                       0x080001c1   Thumb Code     0  startup_stm32f4xx.o(.text)
    I2C3_EV_IRQHandler                       0x080001c1   Thumb Code     0  startup_stm32f4xx.o(.text)
    OTG_FS_IRQHandler                        0x080001c1   Thumb Code     0  startup_stm32f4xx.o(.text)
    OTG_FS_WKUP_IRQHandler                   0x080001c1   Thumb Code     0  startup_stm32f4xx.o(.text)
    OTG_HS_EP1_IN_IRQHandler                 0x080001c1   Thumb Code     0  startup_stm32f4xx.o(.text)
    OTG_HS_EP1_OUT_IRQHandler                0x080001c1   Thumb Code     0  startup_stm32f4xx.o(.text)
    OTG_HS_IRQHandler                        0x080001c1   Thumb Code     0  startup_stm32f4xx.o(.text)
    OTG_HS_WKUP_IRQHandler                   0x080001c1   Thumb Code     0  startup_stm32f4xx.o(.text)
    PVD_IRQHandler                           0x080001c1   Thumb Code     0  startup_stm32f4xx.o(.text)
    RCC_IRQHandler                           0x080001c1   Thumb Code     0  startup_stm32f4xx.o(.text)
    RTC_Alarm_IRQHandler                     0x080001c1   Thumb Code     0  startup_stm32f4xx.o(.text)
    RTC_WKUP_IRQHandler                      0x080001c1   Thumb Code     0  startup_stm32f4xx.o(.text)
    SDIO_IRQHandler                          0x080001c1   Thumb Code     0  startup_stm32f4xx.o(.text)
    SPI1_IRQHandler                          0x080001c1   Thumb Code     0  startup_stm32f4xx.o(.text)
    SPI2_IRQHandler                          0x080001c1   Thumb Code     0  startup_stm32f4xx.o(.text)
    SPI3_IRQHandler                          0x080001c1   Thumb Code     0  startup_stm32f4xx.o(.text)
    TAMP_STAMP_IRQHandler                    0x080001c1   Thumb Code     0  startup_stm32f4xx.o(.text)
    TIM1_BRK_TIM9_IRQHandler                 0x080001c1   Thumb Code     0  startup_stm32f4xx.o(.text)
    TIM1_CC_IRQHandler                       0x080001c1   Thumb Code     0  startup_stm32f4xx.o(.text)
    TIM1_TRG_COM_TIM11_IRQHandler            0x080001c1   Thumb Code     0  startup_stm32f4xx.o(.text)
    TIM1_UP_TIM10_IRQHandler                 0x080001c1   Thumb Code     0  startup_stm32f4xx.o(.text)
    TIM4_IRQHandler                          0x080001c1   Thumb Code     0  startup_stm32f4xx.o(.text)
    TIM5_IRQHandler                          0x080001c1   Thumb Code     0  startup_stm32f4xx.o(.text)
    TIM6_DAC_IRQHandler                      0x080001c1   Thumb Code     0  startup_stm32f4xx.o(.text)
    TIM7_IRQHandler                          0x080001c1   Thumb Code     0  startup_stm32f4xx.o(.text)
    TIM8_BRK_TIM12_IRQHandler                0x080001c1   Thumb Code     0  startup_stm32f4xx.o(.text)
    TIM8_CC_IRQHandler                       0x080001c1   Thumb Code     0  startup_stm32f4xx.o(.text)
    TIM8_TRG_COM_TIM14_IRQHandler            0x080001c1   Thumb Code     0  startup_stm32f4xx.o(.text)
    TIM8_UP_TIM13_IRQHandler                 0x080001c1   Thumb Code     0  startup_stm32f4xx.o(.text)
    UART4_IRQHandler                         0x080001c1   Thumb Code     0  startup_stm32f4xx.o(.text)
    UART5_IRQHandler                         0x080001c1   Thumb Code     0  startup_stm32f4xx.o(.text)
    USART1_IRQHandler                        0x080001c1   Thumb Code     0  startup_stm32f4xx.o(.text)
    USART2_IRQHandler                        0x080001c1   Thumb Code     0  startup_stm32f4xx.o(.text)
    USART3_IRQHandler                        0x080001c1   Thumb Code     0  startup_stm32f4xx.o(.text)
    USART6_IRQHandler                        0x080001c1   Thumb Code     0  startup_stm32f4xx.o(.text)
    WWDG_IRQHandler                          0x080001c1   Thumb Code     0  startup_stm32f4xx.o(.text)
    main                                     0x080001d1   Thumb Code    62  main.o(.text)
    NMI_Handler                              0x08000219   Thumb Code     2  stm32f4xx_it.o(.text)
    HardFault_Handler                        0x0800021b   Thumb Code     4  stm32f4xx_it.o(.text)
    MemManage_Handler                        0x0800021f   Thumb Code     4  stm32f4xx_it.o(.text)
    BusFault_Handler                         0x08000223   Thumb Code     4  stm32f4xx_it.o(.text)
    UsageFault_Handler                       0x08000227   Thumb Code     4  stm32f4xx_it.o(.text)
    SVC_Handler                              0x0800022b   Thumb Code     2  stm32f4xx_it.o(.text)
    DebugMon_Handler                         0x0800022d   Thumb Code     2  stm32f4xx_it.o(.text)
    PendSV_Handler                           0x0800022f   Thumb Code     2  stm32f4xx_it.o(.text)
    SysTick_Handler                          0x08000231   Thumb Code     2  stm32f4xx_it.o(.text)
    TIM2_IRQHandler                          0x08000233   Thumb Code    88  stm32f4xx_it.o(.text)
    TIM3_IRQHandler                          0x0800028b   Thumb Code    84  stm32f4xx_it.o(.text)
    PWM_Set_Configuration                    0x080002fd   Thumb Code   174  pwm_set.o(.text)
    PWM_Set_CH1_ms                           0x080003ab   Thumb Code    24  pwm_set.o(.text)
    PWM_Get_Configuration                    0x080003dd   Thumb Code   314  pwm_get.o(.text)
    ADC_Get_Configuration                    0x08000521   Thumb Code   236  adc_get.o(.text)
    Discovery_Led_Set_Configuration          0x08000621   Thumb Code    50  discovery_led_set.o(.text)
    STM_EVAL_LEDInit                         0x08000659   Thumb Code    62  stm32f4_discovery.o(.text)
    STM_EVAL_LEDOn                           0x08000697   Thumb Code    16  stm32f4_discovery.o(.text)
    STM_EVAL_LEDOff                          0x080006a7   Thumb Code    16  stm32f4_discovery.o(.text)
    STM_EVAL_LEDToggle                       0x080006b7   Thumb Code    26  stm32f4_discovery.o(.text)
    STM_EVAL_PBInit                          0x080006d1   Thumb Code   140  stm32f4_discovery.o(.text)
    STM_EVAL_PBGetState                      0x0800075d   Thumb Code    22  stm32f4_discovery.o(.text)
    SystemInit                               0x08000863   Thumb Code    74  system_stm32f4xx.o(.text)
    SystemCoreClockUpdate                    0x080008ad   Thumb Code   178  system_stm32f4xx.o(.text)
    NVIC_PriorityGroupConfig                 0x0800098d   Thumb Code    10  misc.o(.text)
    NVIC_Init                                0x08000997   Thumb Code   108  misc.o(.text)
    NVIC_SetVectorTable                      0x08000a03   Thumb Code    14  misc.o(.text)
    NVIC_SystemLPConfig                      0x08000a11   Thumb Code    34  misc.o(.text)
    SysTick_CLKSourceConfig                  0x08000a33   Thumb Code    40  misc.o(.text)
    ADC_DeInit                               0x08000a71   Thumb Code    22  stm32f4xx_adc.o(.text)
    ADC_Init                                 0x08000a87   Thumb Code    74  stm32f4xx_adc.o(.text)
    ADC_StructInit                           0x08000ad1   Thumb Code    20  stm32f4xx_adc.o(.text)
    ADC_CommonInit                           0x08000ae5   Thumb Code    44  stm32f4xx_adc.o(.text)
    ADC_CommonStructInit                     0x08000b11   Thumb Code    12  stm32f4xx_adc.o(.text)
    ADC_Cmd                                  0x08000b1d   Thumb Code    22  stm32f4xx_adc.o(.text)
    ADC_AnalogWatchdogCmd                    0x08000b33   Thumb Code    16  stm32f4xx_adc.o(.text)
    ADC_AnalogWatchdogThresholdsConfig       0x08000b43   Thumb Code     6  stm32f4xx_adc.o(.text)
    ADC_AnalogWatchdogSingleChannelConfig    0x08000b49   Thumb Code    16  stm32f4xx_adc.o(.text)
    ADC_TempSensorVrefintCmd                 0x08000b59   Thumb Code    34  stm32f4xx_adc.o(.text)
    ADC_VBATCmd                              0x08000b7b   Thumb Code    34  stm32f4xx_adc.o(.text)
    ADC_RegularChannelConfig                 0x08000b9d   Thumb Code   186  stm32f4xx_adc.o(.text)
    ADC_SoftwareStartConv                    0x08000c57   Thumb Code    10  stm32f4xx_adc.o(.text)
    ADC_GetSoftwareStartConvStatus           0x08000c61   Thumb Code    20  stm32f4xx_adc.o(.text)
    ADC_EOCOnEachRegularChannelCmd           0x08000c75   Thumb Code    22  stm32f4xx_adc.o(.text)
    ADC_ContinuousModeCmd                    0x08000c8b   Thumb Code    22  stm32f4xx_adc.o(.text)
    ADC_DiscModeChannelCountConfig           0x08000ca1   Thumb Code    24  stm32f4xx_adc.o(.text)
    ADC_DiscModeCmd                          0x08000cb9   Thumb Code    22  stm32f4xx_adc.o(.text)
    ADC_GetConversionValue                   0x08000ccf   Thumb Code     8  stm32f4xx_adc.o(.text)
    ADC_GetMultiModeConversionValue          0x08000cd7   Thumb Code     6  stm32f4xx_adc.o(.text)
    ADC_DMACmd                               0x08000cdd   Thumb Code    22  stm32f4xx_adc.o(.text)
    ADC_DMARequestAfterLastTransferCmd       0x08000cf3   Thumb Code    22  stm32f4xx_adc.o(.text)
    ADC_MultiModeDMARequestAfterLastTransferCmd 0x08000d09   Thumb Code    34  stm32f4xx_adc.o(.text)
    ADC_InjectedChannelConfig                0x08000d2b   Thumb Code   126  stm32f4xx_adc.o(.text)
    ADC_InjectedSequencerLengthConfig        0x08000da9   Thumb Code    24  stm32f4xx_adc.o(.text)
    ADC_SetInjectedOffset                    0x08000dc1   Thumb Code    12  stm32f4xx_adc.o(.text)
    ADC_ExternalTrigInjectedConvConfig       0x08000dcd   Thumb Code    16  stm32f4xx_adc.o(.text)
    ADC_ExternalTrigInjectedConvEdgeConfig   0x08000ddd   Thumb Code    16  stm32f4xx_adc.o(.text)
    ADC_SoftwareStartInjectedConv            0x08000ded   Thumb Code    10  stm32f4xx_adc.o(.text)
    ADC_GetSoftwareStartInjectedConvCmdStatus 0x08000df7   Thumb Code    20  stm32f4xx_adc.o(.text)
    ADC_AutoInjectedConvCmd                  0x08000e0b   Thumb Code    22  stm32f4xx_adc.o(.text)
    ADC_InjectedDiscModeCmd                  0x08000e21   Thumb Code    22  stm32f4xx_adc.o(.text)
    ADC_GetInjectedConversionValue           0x08000e37   Thumb Code    18  stm32f4xx_adc.o(.text)
    ADC_ITConfig                             0x08000e49   Thumb Code    32  stm32f4xx_adc.o(.text)
    ADC_GetFlagStatus                        0x08000e69   Thumb Code    48  stm32f4xx_adc.o(.text)
    ADC_ClearFlag                            0x08000e99   Thumb Code     6  stm32f4xx_adc.o(.text)
    ADC_GetITStatus                          0x08000e9f   Thumb Code    42  stm32f4xx_adc.o(.text)
    ADC_ClearITPendingBit                    0x08000ec9   Thumb Code    10  stm32f4xx_adc.o(.text)
    DMA_DeInit                               0x08000ed5   Thumb Code   324  stm32f4xx_dma.o(.text)
    DMA_Init                                 0x08001019   Thumb Code    82  stm32f4xx_dma.o(.text)
    DMA_StructInit                           0x0800106b   Thumb Code    34  stm32f4xx_dma.o(.text)
    DMA_Cmd                                  0x0800108d   Thumb Code    22  stm32f4xx_dma.o(.text)
    DMA_PeriphIncOffsetSizeConfig            0x080010a3   Thumb Code    22  stm32f4xx_dma.o(.text)
    DMA_FlowControllerConfig                 0x080010b9   Thumb Code    22  stm32f4xx_dma.o(.text)
    DMA_SetCurrDataCounter                   0x080010cf   Thumb Code     4  stm32f4xx_dma.o(.text)
    DMA_GetCurrDataCounter                   0x080010d3   Thumb Code     8  stm32f4xx_dma.o(.text)
    DMA_DoubleBufferModeConfig               0x080010db   Thumb Code    24  stm32f4xx_dma.o(.text)
    DMA_DoubleBufferModeCmd                  0x080010f3   Thumb Code    22  stm32f4xx_dma.o(.text)
    DMA_MemoryTargetConfig                   0x08001109   Thumb Code    10  stm32f4xx_dma.o(.text)
    DMA_GetCurrentMemoryTarget               0x08001113   Thumb Code    20  stm32f4xx_dma.o(.text)
    DMA_GetCmdStatus                         0x08001127   Thumb Code    20  stm32f4xx_dma.o(.text)
    DMA_GetFIFOStatus                        0x0800113b   Thumb Code    12  stm32f4xx_dma.o(.text)
    DMA_GetFlagStatus                        0x08001147   Thumb Code    62  stm32f4xx_dma.o(.text)
    DMA_ClearFlag                            0x08001185   Thumb Code    40  stm32f4xx_dma.o(.text)
    DMA_ITConfig                             0x080011ad   Thumb Code    58  stm32f4xx_dma.o(.text)
    DMA_GetITStatus                          0x080011e7   Thumb Code    86  stm32f4xx_dma.o(.text)
    DMA_ClearITPendingBit                    0x0800123d   Thumb Code    40  stm32f4xx_dma.o(.text)
    EXTI_DeInit                              0x08001285   Thumb Code    28  stm32f4xx_exti.o(.text)
    EXTI_Init                                0x080012a1   Thumb Code   142  stm32f4xx_exti.o(.text)
    EXTI_StructInit                          0x0800132f   Thumb Code    16  stm32f4xx_exti.o(.text)
    EXTI_GenerateSWInterrupt                 0x0800133f   Thumb Code    16  stm32f4xx_exti.o(.text)
    EXTI_GetFlagStatus                       0x0800134f   Thumb Code    22  stm32f4xx_exti.o(.text)
    EXTI_ClearFlag                           0x08001365   Thumb Code     8  stm32f4xx_exti.o(.text)
    EXTI_GetITStatus                         0x0800136d   Thumb Code    34  stm32f4xx_exti.o(.text)
    EXTI_ClearITPendingBit                   0x0800138f   Thumb Code     8  stm32f4xx_exti.o(.text)
    GPIO_DeInit                              0x080013a1   Thumb Code   220  stm32f4xx_gpio.o(.text)
    GPIO_Init                                0x0800147d   Thumb Code   144  stm32f4xx_gpio.o(.text)
    GPIO_StructInit                          0x0800150d   Thumb Code    18  stm32f4xx_gpio.o(.text)
    GPIO_PinLockConfig                       0x0800151f   Thumb Code    18  stm32f4xx_gpio.o(.text)
    GPIO_ReadInputDataBit                    0x08001531   Thumb Code    18  stm32f4xx_gpio.o(.text)
    GPIO_ReadInputData                       0x08001543   Thumb Code     8  stm32f4xx_gpio.o(.text)
    GPIO_ReadOutputDataBit                   0x0800154b   Thumb Code    18  stm32f4xx_gpio.o(.text)
    GPIO_ReadOutputData                      0x0800155d   Thumb Code     8  stm32f4xx_gpio.o(.text)
    GPIO_SetBits                             0x08001565   Thumb Code     4  stm32f4xx_gpio.o(.text)
    GPIO_ResetBits                           0x08001569   Thumb Code     4  stm32f4xx_gpio.o(.text)
    GPIO_WriteBit                            0x0800156d   Thumb Code    10  stm32f4xx_gpio.o(.text)
    GPIO_Write                               0x08001577   Thumb Code     4  stm32f4xx_gpio.o(.text)
    GPIO_ToggleBits                          0x0800157b   Thumb Code     8  stm32f4xx_gpio.o(.text)
    GPIO_PinAFConfig                         0x08001583   Thumb Code    70  stm32f4xx_gpio.o(.text)
    RCC_DeInit                               0x080015ed   Thumb Code    60  stm32f4xx_rcc.o(.text)
    RCC_HSEConfig                            0x08001629   Thumb Code    14  stm32f4xx_rcc.o(.text)
    RCC_GetFlagStatus                        0x08001637   Thumb Code    60  stm32f4xx_rcc.o(.text)
    RCC_WaitForHSEStartUp                    0x08001673   Thumb Code    48  stm32f4xx_rcc.o(.text)
    RCC_AdjustHSICalibrationValue            0x080016a3   Thumb Code    20  stm32f4xx_rcc.o(.text)
    RCC_HSICmd                               0x080016b7   Thumb Code     6  stm32f4xx_rcc.o(.text)
    RCC_LSEConfig                            0x080016bd   Thumb Code    46  stm32f4xx_rcc.o(.text)
    RCC_LSICmd                               0x080016eb   Thumb Code     6  stm32f4xx_rcc.o(.text)
    RCC_PLLConfig                            0x080016f1   Thumb Code    34  stm32f4xx_rcc.o(.text)
    RCC_PLLCmd                               0x08001713   Thumb Code     6  stm32f4xx_rcc.o(.text)
    RCC_PLLI2SConfig                         0x08001719   Thumb Code    14  stm32f4xx_rcc.o(.text)
    RCC_PLLI2SCmd                            0x08001727   Thumb Code     6  stm32f4xx_rcc.o(.text)
    RCC_ClockSecuritySystemCmd               0x0800172d   Thumb Code     6  stm32f4xx_rcc.o(.text)
    RCC_MCO1Config                           0x08001733   Thumb Code    28  stm32f4xx_rcc.o(.text)
    RCC_MCO2Config                           0x0800174f   Thumb Code    28  stm32f4xx_rcc.o(.text)
    RCC_SYSCLKConfig                         0x0800176b   Thumb Code    20  stm32f4xx_rcc.o(.text)
    RCC_GetSYSCLKSource                      0x0800177f   Thumb Code    12  stm32f4xx_rcc.o(.text)
    RCC_HCLKConfig                           0x0800178b   Thumb Code    20  stm32f4xx_rcc.o(.text)
    RCC_PCLK1Config                          0x0800179f   Thumb Code    20  stm32f4xx_rcc.o(.text)
    RCC_PCLK2Config                          0x080017b3   Thumb Code    22  stm32f4xx_rcc.o(.text)
    RCC_GetClocksFreq                        0x080017c9   Thumb Code   214  stm32f4xx_rcc.o(.text)
    RCC_RTCCLKConfig                         0x0800189f   Thumb Code    54  stm32f4xx_rcc.o(.text)
    RCC_RTCCLKCmd                            0x080018d5   Thumb Code     8  stm32f4xx_rcc.o(.text)
    RCC_BackupResetCmd                       0x080018dd   Thumb Code     8  stm32f4xx_rcc.o(.text)
    RCC_I2SCLKConfig                         0x080018e5   Thumb Code     6  stm32f4xx_rcc.o(.text)
    RCC_AHB1PeriphClockCmd                   0x080018eb   Thumb Code    34  stm32f4xx_rcc.o(.text)
    RCC_AHB2PeriphClockCmd                   0x0800190d   Thumb Code    34  stm32f4xx_rcc.o(.text)
    RCC_AHB3PeriphClockCmd                   0x0800192f   Thumb Code    34  stm32f4xx_rcc.o(.text)
    RCC_APB1PeriphClockCmd                   0x08001951   Thumb Code    34  stm32f4xx_rcc.o(.text)
    RCC_APB2PeriphClockCmd                   0x08001973   Thumb Code    34  stm32f4xx_rcc.o(.text)
    RCC_AHB1PeriphResetCmd                   0x08001995   Thumb Code    34  stm32f4xx_rcc.o(.text)
    RCC_AHB2PeriphResetCmd                   0x080019b7   Thumb Code    74  stm32f4xx_rcc.o(.text)
    RCC_AHB3PeriphResetCmd                   0x08001a01   Thumb Code    26  stm32f4xx_rcc.o(.text)
    RCC_APB1PeriphResetCmd                   0x08001a1b   Thumb Code    34  stm32f4xx_rcc.o(.text)
    RCC_APB2PeriphResetCmd                   0x08001a3d   Thumb Code    34  stm32f4xx_rcc.o(.text)
    RCC_AHB1PeriphClockLPModeCmd             0x08001a5f   Thumb Code    34  stm32f4xx_rcc.o(.text)
    RCC_AHB2PeriphClockLPModeCmd             0x08001a81   Thumb Code    34  stm32f4xx_rcc.o(.text)
    RCC_AHB3PeriphClockLPModeCmd             0x08001aa3   Thumb Code    34  stm32f4xx_rcc.o(.text)
    RCC_APB1PeriphClockLPModeCmd             0x08001ac5   Thumb Code    34  stm32f4xx_rcc.o(.text)
    RCC_APB2PeriphClockLPModeCmd             0x08001ae7   Thumb Code    34  stm32f4xx_rcc.o(.text)
    RCC_ITConfig                             0x08001b09   Thumb Code    38  stm32f4xx_rcc.o(.text)
    RCC_ClearFlag                            0x08001b2f   Thumb Code    18  stm32f4xx_rcc.o(.text)
    RCC_GetITStatus                          0x08001b41   Thumb Code    22  stm32f4xx_rcc.o(.text)
    RCC_ClearITPendingBit                    0x08001b57   Thumb Code     8  stm32f4xx_rcc.o(.text)
    SYSCFG_DeInit                            0x08001b65   Thumb Code    22  stm32f4xx_syscfg.o(.text)
    SYSCFG_MemoryRemapConfig                 0x08001b7b   Thumb Code     6  stm32f4xx_syscfg.o(.text)
    SYSCFG_EXTILineConfig                    0x08001b81   Thumb Code    66  stm32f4xx_syscfg.o(.text)
    SYSCFG_ETH_MediaInterfaceConfig          0x08001bc3   Thumb Code     6  stm32f4xx_syscfg.o(.text)
    SYSCFG_CompensationCellCmd               0x08001bc9   Thumb Code     6  stm32f4xx_syscfg.o(.text)
    SYSCFG_GetCompensationCellStatus         0x08001bcf   Thumb Code    22  stm32f4xx_syscfg.o(.text)
    TIM_DeInit                               0x08001bf1   Thumb Code   346  stm32f4xx_tim.o(.text)
    TIM_TimeBaseInit                         0x08001d4b   Thumb Code   104  stm32f4xx_tim.o(.text)
    TIM_TimeBaseStructInit                   0x08001db3   Thumb Code    18  stm32f4xx_tim.o(.text)
    TIM_PrescalerConfig                      0x08001dc5   Thumb Code     6  stm32f4xx_tim.o(.text)
    TIM_CounterModeConfig                    0x08001dcb   Thumb Code    18  stm32f4xx_tim.o(.text)
    TIM_SetCounter                           0x08001ddd   Thumb Code     4  stm32f4xx_tim.o(.text)
    TIM_SetAutoreload                        0x08001de1   Thumb Code     4  stm32f4xx_tim.o(.text)
    TIM_GetCounter                           0x08001de5   Thumb Code     6  stm32f4xx_tim.o(.text)
    TIM_GetPrescaler                         0x08001deb   Thumb Code     6  stm32f4xx_tim.o(.text)
    TIM_UpdateDisableConfig                  0x08001df1   Thumb Code    24  stm32f4xx_tim.o(.text)
    TIM_UpdateRequestConfig                  0x08001e09   Thumb Code    24  stm32f4xx_tim.o(.text)
    TIM_ARRPreloadConfig                     0x08001e21   Thumb Code    24  stm32f4xx_tim.o(.text)
    TIM_SelectOnePulseMode                   0x08001e39   Thumb Code    18  stm32f4xx_tim.o(.text)
    TIM_SetClockDivision                     0x08001e4b   Thumb Code    18  stm32f4xx_tim.o(.text)
    TIM_Cmd                                  0x08001e5d   Thumb Code    24  stm32f4xx_tim.o(.text)
    TIM_OC1Init                              0x08001e75   Thumb Code   126  stm32f4xx_tim.o(.text)
    TIM_OC2Init                              0x08001ef3   Thumb Code   156  stm32f4xx_tim.o(.text)
    TIM_OC3Init                              0x08001f8f   Thumb Code   210  stm32f4xx_tim.o(.text)
    TIM_OC4Init                              0x08002061   Thumb Code   110  stm32f4xx_tim.o(.text)
    TIM_OCStructInit                         0x080020cf   Thumb Code    20  stm32f4xx_tim.o(.text)
    TIM_SelectOCxM                           0x080020e3   Thumb Code    90  stm32f4xx_tim.o(.text)
    TIM_SetCompare1                          0x0800213d   Thumb Code     4  stm32f4xx_tim.o(.text)
    TIM_SetCompare2                          0x08002141   Thumb Code     4  stm32f4xx_tim.o(.text)
    TIM_SetCompare3                          0x08002145   Thumb Code     4  stm32f4xx_tim.o(.text)
    TIM_SetCompare4                          0x08002149   Thumb Code     4  stm32f4xx_tim.o(.text)
    TIM_ForcedOC1Config                      0x0800214d   Thumb Code    18  stm32f4xx_tim.o(.text)
    TIM_ForcedOC2Config                      0x0800215f   Thumb Code    22  stm32f4xx_tim.o(.text)
    TIM_ForcedOC3Config                      0x08002175   Thumb Code    18  stm32f4xx_tim.o(.text)
    TIM_ForcedOC4Config                      0x08002187   Thumb Code    22  stm32f4xx_tim.o(.text)
    TIM_OC1PreloadConfig                     0x0800219d   Thumb Code    18  stm32f4xx_tim.o(.text)
    TIM_OC2PreloadConfig                     0x080021af   Thumb Code    22  stm32f4xx_tim.o(.text)
    TIM_OC3PreloadConfig                     0x080021c5   Thumb Code    18  stm32f4xx_tim.o(.text)
    TIM_OC4PreloadConfig                     0x080021d7   Thumb Code    22  stm32f4xx_tim.o(.text)
    TIM_OC1FastConfig                        0x080021ed   Thumb Code    18  stm32f4xx_tim.o(.text)
    TIM_OC2FastConfig                        0x080021ff   Thumb Code    22  stm32f4xx_tim.o(.text)
    TIM_OC3FastConfig                        0x08002215   Thumb Code    18  stm32f4xx_tim.o(.text)
    TIM_OC4FastConfig                        0x08002227   Thumb Code    22  stm32f4xx_tim.o(.text)
    TIM_ClearOC1Ref                          0x0800223d   Thumb Code    18  stm32f4xx_tim.o(.text)
    TIM_ClearOC2Ref                          0x0800224f   Thumb Code    20  stm32f4xx_tim.o(.text)
    TIM_ClearOC3Ref                          0x08002263   Thumb Code    18  stm32f4xx_tim.o(.text)
    TIM_ClearOC4Ref                          0x08002275   Thumb Code    20  stm32f4xx_tim.o(.text)
    TIM_OC1PolarityConfig                    0x08002289   Thumb Code    18  stm32f4xx_tim.o(.text)
    TIM_OC1NPolarityConfig                   0x0800229b   Thumb Code    18  stm32f4xx_tim.o(.text)
    TIM_OC2PolarityConfig                    0x080022ad   Thumb Code    22  stm32f4xx_tim.o(.text)
    TIM_OC2NPolarityConfig                   0x080022c3   Thumb Code    22  stm32f4xx_tim.o(.text)
    TIM_OC3PolarityConfig                    0x080022d9   Thumb Code    22  stm32f4xx_tim.o(.text)
    TIM_OC3NPolarityConfig                   0x080022ef   Thumb Code    22  stm32f4xx_tim.o(.text)
    TIM_OC4PolarityConfig                    0x08002305   Thumb Code    22  stm32f4xx_tim.o(.text)
    TIM_CCxCmd                               0x0800231b   Thumb Code    34  stm32f4xx_tim.o(.text)
    TIM_CCxNCmd                              0x0800233d   Thumb Code    34  stm32f4xx_tim.o(.text)
    TIM_SetIC4Prescaler                      0x0800235f   Thumb Code    22  stm32f4xx_tim.o(.text)
    TIM_SetIC3Prescaler                      0x080023b9   Thumb Code    18  stm32f4xx_tim.o(.text)
    TIM_SetIC2Prescaler                      0x0800240b   Thumb Code    22  stm32f4xx_tim.o(.text)
    TIM_SetIC1Prescaler                      0x08002465   Thumb Code    18  stm32f4xx_tim.o(.text)
    TIM_ICInit                               0x080024bb   Thumb Code   110  stm32f4xx_tim.o(.text)
    TIM_ICStructInit                         0x08002529   Thumb Code    18  stm32f4xx_tim.o(.text)
    TIM_PWMIConfig                           0x0800253b   Thumb Code   124  stm32f4xx_tim.o(.text)
    TIM_GetCapture1                          0x080025b7   Thumb Code     6  stm32f4xx_tim.o(.text)
    TIM_GetCapture2                          0x080025bd   Thumb Code     6  stm32f4xx_tim.o(.text)
    TIM_GetCapture3                          0x080025c3   Thumb Code     6  stm32f4xx_tim.o(.text)
    TIM_GetCapture4                          0x080025c9   Thumb Code     6  stm32f4xx_tim.o(.text)
    TIM_BDTRConfig                           0x080025cf   Thumb Code    32  stm32f4xx_tim.o(.text)
    TIM_BDTRStructInit                       0x080025ef   Thumb Code    18  stm32f4xx_tim.o(.text)
    TIM_CtrlPWMOutputs                       0x08002601   Thumb Code    30  stm32f4xx_tim.o(.text)
    TIM_SelectCOM                            0x0800261f   Thumb Code    24  stm32f4xx_tim.o(.text)
    TIM_CCPreloadControl                     0x08002637   Thumb Code    24  stm32f4xx_tim.o(.text)
    TIM_ITConfig                             0x0800264f   Thumb Code    24  stm32f4xx_tim.o(.text)
    TIM_GenerateEvent                        0x08002667   Thumb Code     4  stm32f4xx_tim.o(.text)
    TIM_GetFlagStatus                        0x0800266b   Thumb Code    18  stm32f4xx_tim.o(.text)
    TIM_ClearFlag                            0x0800267d   Thumb Code     6  stm32f4xx_tim.o(.text)
    TIM_GetITStatus                          0x08002683   Thumb Code    38  stm32f4xx_tim.o(.text)
    TIM_ClearITPendingBit                    0x080026a9   Thumb Code     6  stm32f4xx_tim.o(.text)
    TIM_DMAConfig                            0x080026af   Thumb Code    10  stm32f4xx_tim.o(.text)
    TIM_DMACmd                               0x080026b9   Thumb Code    24  stm32f4xx_tim.o(.text)
    TIM_SelectCCDMA                          0x080026d1   Thumb Code    24  stm32f4xx_tim.o(.text)
    TIM_InternalClockConfig                  0x080026e9   Thumb Code    12  stm32f4xx_tim.o(.text)
    TIM_SelectInputTrigger                   0x080026f5   Thumb Code    18  stm32f4xx_tim.o(.text)
    TIM_ITRxExternalClockConfig              0x08002707   Thumb Code    24  stm32f4xx_tim.o(.text)
    TIM_TIxExternalClockConfig               0x0800271f   Thumb Code    62  stm32f4xx_tim.o(.text)
    TIM_ETRConfig                            0x0800275d   Thumb Code    26  stm32f4xx_tim.o(.text)
    TIM_ETRClockMode1Config                  0x08002777   Thumb Code    54  stm32f4xx_tim.o(.text)
    TIM_ETRClockMode2Config                  0x080027ad   Thumb Code    32  stm32f4xx_tim.o(.text)
    TIM_SelectOutputTrigger                  0x080027cd   Thumb Code    18  stm32f4xx_tim.o(.text)
    TIM_SelectSlaveMode                      0x080027df   Thumb Code    18  stm32f4xx_tim.o(.text)
    TIM_SelectMasterSlaveMode                0x080027f1   Thumb Code    18  stm32f4xx_tim.o(.text)
    TIM_EncoderInterfaceConfig               0x08002803   Thumb Code    64  stm32f4xx_tim.o(.text)
    TIM_SelectHallSensor                     0x08002843   Thumb Code    24  stm32f4xx_tim.o(.text)
    TIM_RemapConfig                          0x0800285b   Thumb Code     6  stm32f4xx_tim.o(.text)
    __scatterload                            0x08002861   Thumb Code    28  init.o(.text)
    __scatterload_rt2                        0x08002861   Thumb Code     0  init.o(.text)
    __scatterload_copy                       0x08002885   Thumb Code    14  handlers.o(i.__scatterload_copy)
    __scatterload_null                       0x08002893   Thumb Code     2  handlers.o(i.__scatterload_null)
    __scatterload_zeroinit                   0x08002895   Thumb Code    14  handlers.o(i.__scatterload_zeroinit)
    GPIO_PIN                                 0x080028a4   Data           8  stm32f4_discovery.o(.constdata)
    GPIO_CLK                                 0x080028ac   Data          16  stm32f4_discovery.o(.constdata)
    BUTTON_PIN                               0x080028bc   Data           2  stm32f4_discovery.o(.constdata)
    BUTTON_CLK                               0x080028c0   Data           4  stm32f4_discovery.o(.constdata)
    BUTTON_EXTI_LINE                         0x080028c4   Data           2  stm32f4_discovery.o(.constdata)
    BUTTON_PORT_SOURCE                       0x080028c6   Data           1  stm32f4_discovery.o(.constdata)
    BUTTON_PIN_SOURCE                        0x080028c7   Data           1  stm32f4_discovery.o(.constdata)
    BUTTON_IRQn                              0x080028c8   Data           1  stm32f4_discovery.o(.constdata)
    Region$$Table$$Base                      0x080028cc   Number         0  anon$$obj.o(Region$$Table)
    Region$$Table$$Limit                     0x080028ec   Number         0  anon$$obj.o(Region$$Table)
    ADC3ConvertedValue                       0x20000000   Data           4  main.o(.data)
    IC2Value1                                0x20000004   Data           2  stm32f4xx_it.o(.data)
    IC2Value2                                0x20000006   Data           2  stm32f4xx_it.o(.data)
    DutyCycle1                               0x20000008   Data           2  stm32f4xx_it.o(.data)
    DutyCycle2                               0x2000000a   Data           2  stm32f4xx_it.o(.data)
    Frequency1                               0x2000000c   Data           4  stm32f4xx_it.o(.data)
    Frequency2                               0x20000010   Data           4  stm32f4xx_it.o(.data)
    CCR1_Val                                 0x20000014   Data           2  pwm_set.o(.data)
    PrescalerValue                           0x20000016   Data           2  pwm_set.o(.data)
    GPIO_PORT                                0x20000018   Data          16  stm32f4_discovery.o(.data)
    BUTTON_PORT                              0x20000028   Data           4  stm32f4_discovery.o(.data)
    NVIC_InitStructure                       0x2000002c   Data           4  stm32f4_discovery.o(.data)
    SystemCoreClock                          0x20000030   Data           4  system_stm32f4xx.o(.data)
    AHBPrescTable                            0x20000034   Data          16  system_stm32f4xx.o(.data)
    __initial_sp                             0x20000458   Data           0  startup_stm32f4xx.o(STACK)



==============================================================================

Memory Map of the image

  Image Entry point : 0x0800019d

  Load Region LR_1 (Base: 0x08000000, Size: 0x00002940, Max: 0xffffffff, ABSOLUTE)

    Execution Region ER_RO (Base: 0x08000000, Size: 0x000028ec, Max: 0xffffffff, ABSOLUTE)

    Base Addr    Size         Type   Attr      Idx    E Section Name        Object

    0x08000000   0x00000188   Data   RO            3    RESET               startup_stm32f4xx.o
    0x08000188   0x00000000   Code   RO          888  * .ARM.Collect$$$$00000000  mc_w.l(entry.o)
    0x08000188   0x00000004   Code   RO          891    .ARM.Collect$$$$00000001  mc_w.l(entry2.o)
    0x0800018c   0x00000004   Code   RO          894    .ARM.Collect$$$$00000004  mc_w.l(entry5.o)
    0x08000190   0x00000000   Code   RO          896    .ARM.Collect$$$$00000008  mc_w.l(entry7b.o)
    0x08000190   0x00000008   Code   RO          897    .ARM.Collect$$$$00000009  mc_w.l(entry8.o)
    0x08000198   0x00000004   Code   RO          892    .ARM.Collect$$$$00002712  mc_w.l(entry2.o)
    0x0800019c   0x00000034   Code   RO            4  * .text               startup_stm32f4xx.o
    0x080001d0   0x00000048   Code   RO           11    .text               main.o
    0x08000218   0x000000e4   Code   RO          163    .text               stm32f4xx_it.o
    0x080002fc   0x000000e0   Code   RO          185    .text               pwm_set.o
    0x080003dc   0x00000144   Code   RO          204    .text               pwm_get.o
    0x08000520   0x00000100   Code   RO          220    .text               adc_get.o
    0x08000620   0x00000038   Code   RO          270    .text               discovery_led_set.o
    0x08000658   0x00000144   Code   RO          289    .text               stm32f4_discovery.o
    0x0800079c   0x000001f0   Code   RO          309    .text               system_stm32f4xx.o
    0x0800098c   0x000000e4   Code   RO          331    .text               misc.o
    0x08000a70   0x00000462   Code   RO          350    .text               stm32f4xx_adc.o
    0x08000ed2   0x00000002   PAD
    0x08000ed4   0x000003b0   Code   RO          528    .text               stm32f4xx_dma.o
    0x08001284   0x0000011c   Code   RO          547    .text               stm32f4xx_exti.o
    0x080013a0   0x0000024c   Code   RO          604    .text               stm32f4xx_gpio.o
    0x080015ec   0x00000578   Code   RO          725    .text               stm32f4xx_rcc.o
    0x08001b64   0x0000008c   Code   RO          819    .text               stm32f4xx_syscfg.o
    0x08001bf0   0x00000c70   Code   RO          835    .text               stm32f4xx_tim.o
    0x08002860   0x00000024   Code   RO          898    .text               mc_w.l(init.o)
    0x08002884   0x0000000e   Code   RO          902    i.__scatterload_copy  mc_w.l(handlers.o)
    0x08002892   0x00000002   Code   RO          903    i.__scatterload_null  mc_w.l(handlers.o)
    0x08002894   0x0000000e   Code   RO          904    i.__scatterload_zeroinit  mc_w.l(handlers.o)
    0x080028a2   0x00000002   PAD
    0x080028a4   0x00000025   Data   RO          290    .constdata          stm32f4_discovery.o
    0x080028c9   0x00000003   PAD
    0x080028cc   0x00000020   Data   RO          900    Region$$Table       anon$$obj.o


    Execution Region ER_RW (Base: 0x20000000, Size: 0x00000054, Max: 0xffffffff, ABSOLUTE)

    Base Addr    Size         Type   Attr      Idx    E Section Name        Object

    0x20000000   0x00000004   Data   RW           12    .data               main.o
    0x20000004   0x00000010   Data   RW          164    .data               stm32f4xx_it.o
    0x20000014   0x00000004   Data   RW          186    .data               pwm_set.o
    0x20000018   0x00000018   Data   RW          291    .data               stm32f4_discovery.o
    0x20000030   0x00000014   Data   RW          310    .data               system_stm32f4xx.o
    0x20000044   0x00000010   Data   RW          726    .data               stm32f4xx_rcc.o


    Execution Region ER_ZI (Base: 0x20000054, Size: 0x00000404, Max: 0xffffffff, ABSOLUTE)

    Base Addr    Size         Type   Attr      Idx    E Section Name        Object

    0x20000054   0x00000004   PAD
    0x20000058   0x00000400   Zero   RW            1    STACK               startup_stm32f4xx.o


==============================================================================

Image component sizes


      Code (inc. data)   RO Data    RW Data    ZI Data      Debug   Object Name

       256         20          0          0          0        776   adc_get.o
        56          6          0          0          0        574   discovery_led_set.o
        72         10          0          4          0     283116   main.o
       228         22          0          0          0       3545   misc.o
       324         10          0          0          0        812   pwm_get.o
       224         26          0          4          0       1185   pwm_set.o
        52         14        392          0       1024        836   startup_stm32f4xx.o
       324         42         37         24          0       2830   stm32f4_discovery.o
      1122         30          0          0          0      24578   stm32f4xx_adc.o
       944         32          0          0          0      19033   stm32f4xx_dma.o
       284         10          0          0          0       4751   stm32f4xx_exti.o
       588         36          0          0          0      10497   stm32f4xx_gpio.o
       228         30          0         16          0       2364   stm32f4xx_it.o
      1400         46          0         16          0      24031   stm32f4xx_rcc.o
       140         12          0          0          0       1699   stm32f4xx_syscfg.o
      3184         64          0          0          0      42884   stm32f4xx_tim.o
       496         46          0         20          0       1835   system_stm32f4xx.o

    ----------------------------------------------------------------------
      9924        456        464         84       1028     425346   Object Totals
         0          0         32          0          0          0   (incl. Generated)
         2          0          3          0          4          0   (incl. Padding)

    ----------------------------------------------------------------------

      Code (inc. data)   RO Data    RW Data    ZI Data      Debug   Library Member Name

         0          0          0          0          0          0   entry.o
         8          4          0          0          0          0   entry2.o
         4          0          0          0          0          0   entry5.o
         0          0          0          0          0          0   entry7b.o
         8          4          0          0          0          0   entry8.o
        30          0          0          0          0          0   handlers.o
        36          8          0          0          0         68   init.o

    ----------------------------------------------------------------------
        88         16          0          0          0         68   Library Totals
         2          0          0          0          0          0   (incl. Padding)

    ----------------------------------------------------------------------

      Code (inc. data)   RO Data    RW Data    ZI Data      Debug   Library Name

        86         16          0          0          0         68   mc_w.l

    ----------------------------------------------------------------------
        88         16          0          0          0         68   Library Totals

    ----------------------------------------------------------------------

==============================================================================


      Code (inc. data)   RO Data    RW Data    ZI Data      Debug   

     10012        472        464         84       1028     422114   Grand Totals
     10012        472        464         84       1028     422114   ELF Image Totals
     10012        472        464         84          0          0   ROM Totals

==============================================================================

    Total RO  Size (Code + RO Data)                10476 (  10.23kB)
    Total RW  Size (RW Data + ZI Data)              1112 (   1.09kB)
    Total ROM Size (Code + RO Data + RW Data)      10560 (  10.31kB)

==============================================================================

