<html>
<body>
<pre>
<h1>µVision Build Log</h1>
<h2>Project:</h2>
E:\Programme\Dropbox\carolocup\Carolocup14\SensorLedRCBoard\stm32f4_SensorLedRCBoard\template_clean.uvproj
Project File Date:  04/27/2013

<h2>Output:</h2>
Load "E:\\Programme\\Dropbox\\carolocup\\Carolocup14\\SensorLedRCBoard\\stm32f4_SensorLedRCBoard\\KEIL\\output\\template_clean.AXF" 
Erase Done.
Programming Done.
Verify OK.
Build target 'template_clean'
assembling startup_stm32f4xx.s...
compiling main.c...
src\main.c(14): warning:  #550-D: variable "value1" was set but never used
compiling ADC.c...
compiling stm32f4_discovery.c...
compiling system_stm32f4xx.c...
compiling misc.c...
compiling stm32f4xx_adc.c...
compiling stm32f4xx_can.c...
compiling stm32f4xx_crc.c...
compiling stm32f4xx_cryp.c...
compiling stm32f4xx_cryp_aes.c...
compiling stm32f4xx_cryp_des.c...
compiling stm32f4xx_cryp_tdes.c...
compiling stm32f4xx_dac.c...
compiling stm32f4xx_dbgmcu.c...
compiling stm32f4xx_dcmi.c...
compiling stm32f4xx_dma.c...
compiling stm32f4xx_exti.c...
compiling stm32f4xx_flash.c...
compiling stm32f4xx_fsmc.c...
compiling stm32f4xx_gpio.c...
compiling stm32f4xx_hash.c...
compiling stm32f4xx_hash_md5.c...
compiling stm32f4xx_hash_sha1.c...
compiling stm32f4xx_i2c.c...
compiling stm32f4xx_iwdg.c...
compiling stm32f4xx_pwr.c...
compiling stm32f4xx_rcc.c...
compiling stm32f4xx_rng.c...
compiling stm32f4xx_rtc.c...
compiling stm32f4xx_sdio.c...
compiling stm32f4xx_spi.c...
compiling stm32f4xx_syscfg.c...
compiling stm32f4xx_tim.c...
compiling stm32f4xx_usart.c...
compiling stm32f4xx_wwdg.c...
linking...
Program Size: Code=3996 RO-data=424 RW-data=36 ZI-data=1028  
".\KEIL\output\template_clean.axf" - 0 Error(s), 1 Warning(s).
Load "E:\\Programme\\Dropbox\\carolocup\\Carolocup14\\SensorLedRCBoard\\stm32f4_SensorLedRCBoard\\KEIL\\output\\template_clean.AXF" 
No Algorithm found for: 08000000H - 08001167H
Erase skipped!
Load "E:\\Programme\\Dropbox\\carolocup\\Carolocup14\\SensorLedRCBoard\\stm32f4_SensorLedRCBoard\\KEIL\\output\\template_clean.AXF" 
Erase Done.
Programming Done.
Verify OK.
Load "E:\\Programme\\Dropbox\\carolocup\\Carolocup14\\SensorLedRCBoard\\stm32f4_SensorLedRCBoard\\KEIL\\output\\template_clean.AXF" 
Erase Done.
Programming Done.
Verify OK.
Build target 'template_clean'
compiling ADC.c...
linking...
Program Size: Code=3980 RO-data=424 RW-data=36 ZI-data=1028  
".\KEIL\output\template_clean.axf" - 0 Error(s), 0 Warning(s).
Load "E:\\Programme\\Dropbox\\carolocup\\Carolocup14\\SensorLedRCBoard\\stm32f4_SensorLedRCBoard\\KEIL\\output\\template_clean.AXF" 
Erase Done.
Programming Done.
Verify OK.
Build target 'template_clean'
compiling ADC.c...
linking...
Program Size: Code=3980 RO-data=424 RW-data=36 ZI-data=1028  
".\KEIL\output\template_clean.axf" - 0 Error(s), 0 Warning(s).
Load "E:\\Programme\\Dropbox\\carolocup\\Carolocup14\\SensorLedRCBoard\\stm32f4_SensorLedRCBoard\\KEIL\\output\\template_clean.AXF" 
Erase Done.
Programming Done.
Verify OK.
Build target 'template_clean'
compiling ADC.c...
src\ADC.c(39): warning:  #223-D: function "ADC_SoftwareStartConvCmd" declared implicitly
linking...
.\KEIL\output\template_clean.axf: Error: L6218E: Undefined symbol ADC_SoftwareStartConvCmd (referred from adc.o).
Target not created
Build target 'template_clean'
compiling ADC.c...
linking...
Program Size: Code=4000 RO-data=424 RW-data=36 ZI-data=1028  
".\KEIL\output\template_clean.axf" - 0 Error(s), 0 Warning(s).
Load "E:\\Programme\\Dropbox\\carolocup\\Carolocup14\\SensorLedRCBoard\\stm32f4_SensorLedRCBoard\\KEIL\\output\\template_clean.AXF" 
Erase Done.
Programming Done.
Verify OK.
Build target 'template_clean'
compiling ADC.c...
linking...
Program Size: Code=3988 RO-data=424 RW-data=36 ZI-data=1028  
".\KEIL\output\template_clean.axf" - 0 Error(s), 0 Warning(s).
Load "E:\\Programme\\Dropbox\\carolocup\\Carolocup14\\SensorLedRCBoard\\stm32f4_SensorLedRCBoard\\KEIL\\output\\template_clean.AXF" 
Erase Done.
Programming Done.
Verify OK.
Build target 'template_clean'
compiling ADC.c...
linking...
Program Size: Code=3988 RO-data=424 RW-data=36 ZI-data=1028  
".\KEIL\output\template_clean.axf" - 0 Error(s), 0 Warning(s).
Load "E:\\Programme\\Dropbox\\carolocup\\Carolocup14\\SensorLedRCBoard\\stm32f4_SensorLedRCBoard\\KEIL\\output\\template_clean.AXF" 
Erase Done.
Programming Done.
Verify OK.
Build target 'template_clean'
compiling main.c...
.\inc\ADC.h(4): warning:  #1295-D: Deprecated declaration ADCoku - give arg types
src\main.c(30): error:  #20: identifier "value1" is undefined
src\main.c(30): error:  #254: type name is not allowed
src\main.c(30): error:  #65: expected a ";"
src\main.c(14): warning:  #177-D: variable "value" was declared but never referenced
compiling ADC.c...
.\inc\ADC.h(4): warning:  #1295-D: Deprecated declaration ADCoku - give arg types
Target not created
Build target 'template_clean'
compiling main.c...
.\inc\ADC.h(4): warning:  #1295-D: Deprecated declaration ADCoku - give arg types
src\main.c(30): error:  #254: type name is not allowed
src\main.c(30): error:  #65: expected a ";"
src\main.c(14): warning:  #550-D: variable "value" was set but never used
Target not created
Build target 'template_clean'
compiling main.c...
src\main.c(14): warning:  #550-D: variable "value" was set but never used
compiling ADC.c...
linking...
Program Size: Code=4000 RO-data=424 RW-data=36 ZI-data=1028  
".\KEIL\output\template_clean.axf" - 0 Error(s), 1 Warning(s).
Load "E:\\Programme\\Dropbox\\carolocup\\Carolocup14\\SensorLedRCBoard\\stm32f4_SensorLedRCBoard\\KEIL\\output\\template_clean.AXF" 
Erase Done.
Programming Done.
Verify OK.
Build target 'template_clean'
compiling main.c...
src\main.c(37): error:  #13: expected a file name
compiling ADC.c...
Target not created
Build target 'template_clean'
compiling main.c...
src\main.c(1): error:  #13: expected a file name
Target not created
Build target 'template_clean'
compiling main.c...
src\main.c(57): error:  #268: declaration may not appear after executable statement in block
Target not created
Build target 'template_clean'
compiling main.c...
linking...
.\KEIL\output\template_clean.axf: Error: L6200E: Symbol ADCoku multiply defined (by adc.o and main.o).
Target not created
Build target 'template_clean'
compiling ADC.c...
linking...
Program Size: Code=4928 RO-data=424 RW-data=36 ZI-data=1028  
".\KEIL\output\template_clean.axf" - 0 Error(s), 0 Warning(s).
Load "E:\\Programme\\Dropbox\\carolocup\\Carolocup14\\SensorLedRCBoard\\stm32f4_SensorLedRCBoard\\KEIL\\output\\template_clean.AXF" 
Erase Done.
Programming Done.
Verify OK.
Build target 'template_clean'
linking...
Program Size: Code=4928 RO-data=424 RW-data=36 ZI-data=1028  
".\KEIL\output\template_clean.axf" - 0 Error(s), 0 Warning(s).
Load "E:\\Programme\\Dropbox\\carolocup\\Carolocup14\\SensorLedRCBoard\\stm32f4_SensorLedRCBoard\\KEIL\\output\\template_clean.AXF" 
Erase Done.
Programming Done.
Verify OK.
Build target 'template_clean'
compiling main.c...
src\main.c(21): warning:  #550-D: variable "value" was set but never used
linking...
Program Size: Code=3944 RO-data=424 RW-data=36 ZI-data=1028  
".\KEIL\output\template_clean.axf" - 0 Error(s), 1 Warning(s).
Load "E:\\Programme\\Dropbox\\carolocup\\Carolocup14\\SensorLedRCBoard\\stm32f4_SensorLedRCBoard\\KEIL\\output\\template_clean.AXF" 
Erase Done.
Programming Done.
Verify OK.
Build target 'template_clean'
compiling main.c...
src\main.c(14): warning:  #550-D: variable "value" was set but never used
compiling ADC.c...
linking...
Program Size: Code=4000 RO-data=424 RW-data=36 ZI-data=1028  
".\KEIL\output\template_clean.axf" - 0 Error(s), 1 Warning(s).
Load "E:\\Programme\\Dropbox\\carolocup\\Carolocup14\\SensorLedRCBoard\\stm32f4_SensorLedRCBoard\\KEIL\\output\\template_clean.AXF" 
Erase Done.
Programming Done.
Verify OK.
Build target 'template_clean'
compiling main.c...
src\main.c(9): warning:  #550-D: variable "value" was set but never used
src\main.c(48): error:  #20: identifier "GPIO_PIN_0" is undefined
Target not created
Build target 'template_clean'
compiling main.c...
src\main.c(9): warning:  #550-D: variable "value" was set but never used
linking...
Program Size: Code=4000 RO-data=424 RW-data=36 ZI-data=1028  
".\KEIL\output\template_clean.axf" - 0 Error(s), 1 Warning(s).
Load "E:\\Programme\\Dropbox\\carolocup\\Carolocup14\\SensorLedRCBoard\\stm32f4_SensorLedRCBoard\\KEIL\\output\\template_clean.AXF" 
Erase Done.
Programming Done.
Verify OK.
Build target 'template_clean'
compiling main.c...
src\main.c(9): warning:  #550-D: variable "value" was set but never used
compiling ADC.c...
linking...
Program Size: Code=4000 RO-data=424 RW-data=36 ZI-data=1028  
".\KEIL\output\template_clean.axf" - 0 Error(s), 1 Warning(s).
Load "E:\\Programme\\Dropbox\\carolocup\\Carolocup14\\SensorLedRCBoard\\stm32f4_SensorLedRCBoard\\KEIL\\output\\template_clean.AXF" 
Erase Done.
Programming Done.
Verify OK.
Build target 'template_clean'
compiling main.c...
src\main.c(54): error:  #20: identifier "GPIO_initStructre" is undefined
compiling ADC.c...
src\ADC.c(10): error:  #20: identifier "ADC_init_structure" is undefined
src\ADC.c(5): warning:  #177-D: variable "ADC_InitStructure" was declared but never referenced
src\ADC.c(6): warning:  #177-D: variable "ADC_CommonInitStructure" was declared but never referenced
Target not created
Build target 'template_clean'
compiling main.c...
src\main.c(57): error:  #20: identifier "GPIO_initStructre" is undefined
compiling ADC.c...
src\ADC.c(10): error:  #20: identifier "ADC_init_structure" is undefined
src\ADC.c(5): warning:  #177-D: variable "ADC_InitStructure" was declared but never referenced
src\ADC.c(6): warning:  #177-D: variable "ADC_CommonInitStructure" was declared but never referenced
Target not created
Build target 'template_clean'
compiling main.c...
compiling ADC.c...
src\ADC.c(10): error:  #20: identifier "ADC_init_structure" is undefined
src\ADC.c(5): warning:  #177-D: variable "ADC_InitStructure" was declared but never referenced
src\ADC.c(6): warning:  #177-D: variable "ADC_CommonInitStructure" was declared but never referenced
Target not created
Build target 'template_clean'
compiling ADC.c...
linking...
Program Size: Code=4016 RO-data=424 RW-data=40 ZI-data=1024  
".\KEIL\output\template_clean.axf" - 0 Error(s), 0 Warning(s).
Load "E:\\Programme\\Dropbox\\carolocup\\Carolocup14\\SensorLedRCBoard\\stm32f4_SensorLedRCBoard\\KEIL\\output\\template_clean.AXF" 
Erase Done.
Programming Done.
Verify OK.
Build target 'template_clean'
compiling main.c...
linking...
Program Size: Code=4024 RO-data=424 RW-data=40 ZI-data=1024  
".\KEIL\output\template_clean.axf" - 0 Error(s), 0 Warning(s).
Load "E:\\Programme\\Dropbox\\carolocup\\Carolocup14\\SensorLedRCBoard\\stm32f4_SensorLedRCBoard\\KEIL\\output\\template_clean.AXF" 
Erase Done.
Programming Done.
Verify OK.
Build target 'template_clean'
compiling main.c...
linking...
Program Size: Code=4160 RO-data=424 RW-data=40 ZI-data=1024  
".\KEIL\output\template_clean.axf" - 0 Error(s), 0 Warning(s).
Load "E:\\Programme\\Dropbox\\carolocup\\Carolocup14\\SensorLedRCBoard\\stm32f4_SensorLedRCBoard\\KEIL\\output\\template_clean.AXF" 
Erase Done.
Programming Done.
Verify OK.
Build target 'template_clean'
compiling main.c...
compiling ADC.c...
linking...
Program Size: Code=4160 RO-data=424 RW-data=40 ZI-data=1024  
".\KEIL\output\template_clean.axf" - 0 Error(s), 0 Warning(s).
Load "E:\\Programme\\Dropbox\\carolocup\\Carolocup14\\SensorLedRCBoard\\stm32f4_SensorLedRCBoard\\KEIL\\output\\template_clean.AXF" 
Erase Done.
Programming Done.
Verify OK.
Build target 'template_clean'
compiling main.c...
src\main.c(17): warning:  #223-D: function "STM_EVAL_LEDOn" declared implicitly
src\main.c(17): error:  #20: identifier "LED4" is undefined
src\main.c(18): error:  #20: identifier "LED5" is undefined
src\main.c(19): error:  #20: identifier "LED6" is undefined
src\main.c(20): error:  #20: identifier "LED7" is undefined
compiling ADC.c...
Target not created
Build target 'template_clean'
compiling main.c...
src\main.c(21): error:  #20: identifier "LED7" is undefined
Target not created
Build target 'template_clean'
compiling main.c...
linking...
Program Size: Code=5004 RO-data=464 RW-data=64 ZI-data=1024  
".\KEIL\output\template_clean.axf" - 0 Error(s), 0 Warning(s).
Load "E:\\Programme\\Dropbox\\carolocup\\Carolocup14\\SensorLedRCBoard\\stm32f4_SensorLedRCBoard\\KEIL\\output\\template_clean.AXF" 
Erase Done.
Programming Done.
Verify OK.
Build target 'template_clean'
compiling main.c...
.\lib\inc\stm32f4xx_conf.h(60): error:  #5: cannot open source input file "stm32f10x_it.h": No such file or directory
compiling ADC.c...
.\lib\inc\stm32f4xx_conf.h(60): error:  #5: cannot open source input file "stm32f10x_it.h": No such file or directory
compiling stm32f4xx_it.c...
compiling stm32f4_discovery.c...
.\lib\inc\stm32f4xx_conf.h(60): error:  #5: cannot open source input file "stm32f10x_it.h": No such file or directory
Target not created
Build target 'template_clean'
compiling main.c...
compiling ADC.c...
src\ADC.c(32): error:  #20: identifier "DMA1_Channel1" is undefined
src\ADC.c(33): error:  #20: identifier "ADC1_DR_Address" is undefined
src\ADC.c(34): error:  #136: struct "<unnamed>" has no field "DMA_MemoryBaseAddr"
src\ADC.c(34): error:  #20: identifier "ADC_buf_wr_ptr" is undefined
src\ADC.c(35): error:  #20: identifier "DMA_DIR_PeripheralSRC" is undefined
src\ADC.c(44): error:  #136: struct "<unnamed>" has no field "DMA_M2M"
src\ADC.c(44): error:  #20: identifier "DMA_M2M_Disable" is undefined
src\ADC.c(50): error:  #140: too many arguments in function call
src\ADC.c(51): error:  #136: struct "<unnamed>" has no field "ADC_Mode"
src\ADC.c(57): error:  #136: struct "<unnamed>" has no field "ADC_NbrOfChannel"
src\ADC.c(60): error:  #20: identifier "ADC_SampleTime_28Cycles5" is undefined
src\ADC.c(79): warning:  #223-D: function "ADC_ResetCalibration" declared implicitly
src\ADC.c(81): warning:  #223-D: function "ADC_GetResetCalibrationStatus" declared implicitly
src\ADC.c(83): warning:  #223-D: function "ADC_StartCalibration" declared implicitly
src\ADC.c(85): warning:  #223-D: function "ADC_GetCalibrationStatus" declared implicitly
src\ADC.c(89): error:  #20: identifier "DMA1_Channel1_IRQChannel" is undefined
compiling stm32f4_discovery.c...
Target not created
Build target 'template_clean'
compiling ADC.c...
src\ADC.c(32): error:  #20: identifier "DMA1_Channel1" is undefined
src\ADC.c(33): error:  #20: identifier "ADC1_DR_Address" is undefined
src\ADC.c(34): error:  #136: struct "<unnamed>" has no field "DMA_MemoryBaseAddr"
src\ADC.c(34): error:  #20: identifier "ADC_buf_wr_ptr" is undefined
src\ADC.c(35): error:  #20: identifier "DMA_DIR_PeripheralSRC" is undefined
src\ADC.c(44): error:  #136: struct "<unnamed>" has no field "DMA_M2M"
src\ADC.c(44): error:  #20: identifier "DMA_M2M_Disable" is undefined
src\ADC.c(50): error:  #140: too many arguments in function call
src\ADC.c(51): error:  #136: struct "<unnamed>" has no field "ADC_Mode"
src\ADC.c(57): error:  #136: struct "<unnamed>" has no field "ADC_NbrOfChannel"
src\ADC.c(60): error:  #20: identifier "ADC_SampleTime_28Cycles5" is undefined
src\ADC.c(79): warning:  #223-D: function "ADC_ResetCalibration" declared implicitly
src\ADC.c(81): warning:  #223-D: function "ADC_GetResetCalibrationStatus" declared implicitly
src\ADC.c(83): warning:  #223-D: function "ADC_StartCalibration" declared implicitly
src\ADC.c(85): warning:  #223-D: function "ADC_GetCalibrationStatus" declared implicitly
src\ADC.c(89): error:  #20: identifier "DMA1_Channel1_IRQChannel" is undefined
Target not created
Build target 'template_clean'
compiling ADC.c...
src\ADC.c(32): error:  #20: identifier "DMA1_Channel1" is undefined
src\ADC.c(33): error:  #20: identifier "ADC1_DR_Address" is undefined
src\ADC.c(34): error:  #136: struct "<unnamed>" has no field "DMA_MemoryBaseAddr"
src\ADC.c(34): error:  #20: identifier "ADC_buf_wr_ptr" is undefined
src\ADC.c(35): error:  #20: identifier "DMA_DIR_PeripheralSRC" is undefined
src\ADC.c(44): error:  #136: struct "<unnamed>" has no field "DMA_M2M"
src\ADC.c(44): error:  #20: identifier "DMA_M2M_Disable" is undefined
src\ADC.c(50): error:  #140: too many arguments in function call
src\ADC.c(51): error:  #136: struct "<unnamed>" has no field "ADC_Mode"
src\ADC.c(57): error:  #136: struct "<unnamed>" has no field "ADC_NbrOfChannel"
src\ADC.c(60): error:  #20: identifier "ADC_SampleTime_28Cycles5" is undefined
src\ADC.c(79): warning:  #223-D: function "ADC_ResetCalibration" declared implicitly
src\ADC.c(81): warning:  #223-D: function "ADC_GetResetCalibrationStatus" declared implicitly
src\ADC.c(83): warning:  #223-D: function "ADC_StartCalibration" declared implicitly
src\ADC.c(85): warning:  #223-D: function "ADC_GetCalibrationStatus" declared implicitly
src\ADC.c(89): error:  #20: identifier "DMA1_Channel1_IRQChannel" is undefined
Target not created
Build target 'template_clean'
compiling main.c...
src\main.c(14): warning:  #223-D: function "ADC_Configuration" declared implicitly
compiling ADC.c...
src\ADC.c(32): error:  #20: identifier "DMA1_Channel1" is undefined
src\ADC.c(33): error:  #20: identifier "ADC1_DR_Address" is undefined
src\ADC.c(34): error:  #136: struct "<unnamed>" has no field "DMA_MemoryBaseAddr"
src\ADC.c(34): error:  #20: identifier "ADC_buf_wr_ptr" is undefined
src\ADC.c(35): error:  #20: identifier "DMA_DIR_PeripheralSRC" is undefined
src\ADC.c(44): error:  #136: struct "<unnamed>" has no field "DMA_M2M"
src\ADC.c(44): error:  #20: identifier "DMA_M2M_Disable" is undefined
src\ADC.c(50): error:  #140: too many arguments in function call
src\ADC.c(51): error:  #136: struct "<unnamed>" has no field "ADC_Mode"
src\ADC.c(57): error:  #136: struct "<unnamed>" has no field "ADC_NbrOfChannel"
src\ADC.c(60): error:  #20: identifier "ADC_SampleTime_28Cycles5" is undefined
src\ADC.c(79): warning:  #223-D: function "ADC_ResetCalibration" declared implicitly
src\ADC.c(81): warning:  #223-D: function "ADC_GetResetCalibrationStatus" declared implicitly
src\ADC.c(83): warning:  #223-D: function "ADC_StartCalibration" declared implicitly
src\ADC.c(85): warning:  #223-D: function "ADC_GetCalibrationStatus" declared implicitly
src\ADC.c(89): error:  #20: identifier "DMA1_Channel1_IRQChannel" is undefined
Target not created
Build target 'template_clean'
compiling main.c...
compiling ADC.c...
src\ADC.c(32): error:  #20: identifier "DMA1_Channel1" is undefined
src\ADC.c(33): error:  #20: identifier "ADC1_DR_Address" is undefined
src\ADC.c(34): error:  #136: struct "<unnamed>" has no field "DMA_MemoryBaseAddr"
src\ADC.c(34): error:  #20: identifier "ADC_buf_wr_ptr" is undefined
src\ADC.c(35): error:  #20: identifier "DMA_DIR_PeripheralSRC" is undefined
src\ADC.c(44): error:  #136: struct "<unnamed>" has no field "DMA_M2M"
src\ADC.c(44): error:  #20: identifier "DMA_M2M_Disable" is undefined
src\ADC.c(50): error:  #140: too many arguments in function call
src\ADC.c(51): error:  #136: struct "<unnamed>" has no field "ADC_Mode"
src\ADC.c(57): error:  #136: struct "<unnamed>" has no field "ADC_NbrOfChannel"
src\ADC.c(60): error:  #20: identifier "ADC_SampleTime_28Cycles5" is undefined
src\ADC.c(79): warning:  #223-D: function "ADC_ResetCalibration" declared implicitly
src\ADC.c(81): warning:  #223-D: function "ADC_GetResetCalibrationStatus" declared implicitly
src\ADC.c(83): warning:  #223-D: function "ADC_StartCalibration" declared implicitly
src\ADC.c(85): warning:  #223-D: function "ADC_GetCalibrationStatus" declared implicitly
src\ADC.c(89): error:  #20: identifier "DMA1_Channel1_IRQChannel" is undefined
Target not created
Build target 'template_clean'
compiling main.c...
src\main.c(34): error:  #65: expected a ";"
compiling ADC.c...
src\ADC.c(37): error:  #20: identifier "ADC3_DR_ADDRESS" is undefined
src\ADC.c(38): error:  #20: identifier "ADC3ConvertedValue" is undefined
Target not created
Build target 'template_clean'
compiling main.c...
compiling ADC.c...
src\ADC.c(37): error:  #20: identifier "ADC3_DR_ADDRESS" is undefined
src\ADC.c(38): error:  #20: identifier "ADC3ConvertedValue" is undefined
Target not created
Build target 'template_clean'
compiling main.c...
src\main.c(8): error:  #147: declaration is incompatible with "uint16_t ADC3ConvertedValue" (declared at line 7 of ".\inc\ADC.h")
compiling ADC.c...
src\ADC.c(37): error:  #20: identifier "ADC3_DR_ADDRESS" is undefined
Target not created
Build target 'template_clean'
compiling main.c...
src\main.c(8): error:  #147: declaration is incompatible with "volatile uint16_t ADC3ConvertedValue" (declared at line 7 of ".\inc\ADC.h")
src\main.c(33): warning:  #174-D: expression has no effect
compiling ADC.c...
src\ADC.c(37): error:  #20: identifier "ADC3_DR_ADDRESS" is undefined
Target not created
Build target 'template_clean'
compiling main.c...
src\main.c(33): warning:  #174-D: expression has no effect
compiling ADC.c...
src\ADC.c(37): error:  #20: identifier "ADC3_DR_ADDRESS" is undefined
Target not created
Build target 'template_clean'
compiling main.c...
src\main.c(8): error:  #147: declaration is incompatible with "uint16_t ADC3ConvertedValue" (declared at line 7 of ".\inc\ADC.h")
compiling ADC.c...
src\ADC.c(37): error:  #20: identifier "ADC3_DR_ADDRESS" is undefined
Target not created
Build target 'template_clean'
compiling main.c...
compiling ADC.c...
src\ADC.c(37): error:  #20: identifier "ADC3_DR_ADDRESS" is undefined
src\ADC.c(38): error:  #20: identifier "ADC3ConvertedValue" is undefined
Target not created
Build target 'template_clean'
compiling main.c...
src\main.c(33): warning:  #174-D: expression has no effect
compiling ADC.c...
src\ADC.c(37): error:  #20: identifier "ADC3_DR_ADDRESS" is undefined
Target not created
Build target 'template_clean'
compiling main.c...
.\inc\ADC.h(7): error:  #20: identifier "IO__" is undefined
.\inc\ADC.h(7): error:  #101: "uint16_t" has already been declared in the current scope
.\inc\ADC.h(7): error:  #65: expected a ";"
src\main.c(33): error:  #20: identifier "ADC3ConvertedValue" is undefined
src\main.c(52): error:  #18: expected a ")"
src\main.c(52): error:  #18: expected a ")"
src\main.c(57): error:  #18: expected a ")"
src\main.c(63): error:  #18: expected a ")"
src\main.c(63): error:  #18: expected a ")"
src\main.c(63): error:  #18: expected a ")"
src\main.c(63): error:  #18: expected a ")"
compiling ADC.c...
.\inc\ADC.h(7): error:  #20: identifier "IO__" is undefined
.\inc\ADC.h(7): error:  #101: "uint16_t" has already been declared in the current scope
.\inc\ADC.h(7): error:  #65: expected a ";"
src\ADC.c(37): error:  #20: identifier "ADC3_DR_ADDRESS" is undefined
src\ADC.c(38): error:  #20: identifier "ADC3ConvertedValue" is undefined
src\ADC.c(55): error:  #18: expected a ")"
src\ADC.c(98): error:  #757: variable "uint16_t" is not a type name
Target not created
Build target 'template_clean'
compiling main.c...
compiling ADC.c...
src\ADC.c(37): error:  #20: identifier "ADC3_DR_ADDRESS" is undefined
Target not created
Build target 'template_clean'
compiling ADC.c...
linking...
.\KEIL\output\template_clean.axf: Error: L6200E: Symbol ADC3ConvertedValue multiply defined (by adc.o and main.o).
Target not created
Rebuild target 'template_clean'
assembling startup_stm32f4xx.s...
compiling main.c...
compiling ADC.c...
compiling stm32f4xx_it.c...
compiling stm32f4_discovery.c...
compiling system_stm32f4xx.c...
compiling misc.c...
compiling stm32f4xx_adc.c...
compiling stm32f4xx_can.c...
compiling stm32f4xx_crc.c...
compiling stm32f4xx_cryp.c...
compiling stm32f4xx_cryp_aes.c...
compiling stm32f4xx_cryp_des.c...
compiling stm32f4xx_cryp_tdes.c...
compiling stm32f4xx_dac.c...
compiling stm32f4xx_dbgmcu.c...
compiling stm32f4xx_dcmi.c...
compiling stm32f4xx_dma.c...
compiling stm32f4xx_exti.c...
compiling stm32f4xx_flash.c...
compiling stm32f4xx_fsmc.c...
compiling stm32f4xx_gpio.c...
compiling stm32f4xx_hash.c...
compiling stm32f4xx_hash_md5.c...
compiling stm32f4xx_hash_sha1.c...
compiling stm32f4xx_i2c.c...
compiling stm32f4xx_iwdg.c...
compiling stm32f4xx_pwr.c...
compiling stm32f4xx_rcc.c...
compiling stm32f4xx_rng.c...
compiling stm32f4xx_rtc.c...
compiling stm32f4xx_sdio.c...
compiling stm32f4xx_spi.c...
compiling stm32f4xx_syscfg.c...
compiling stm32f4xx_tim.c...
compiling stm32f4xx_usart.c...
compiling stm32f4xx_wwdg.c...
linking...
.\KEIL\output\template_clean.axf: Error: L6200E: Symbol ADC3ConvertedValue multiply defined (by adc.o and main.o).
Target not created
Build target 'template_clean'
compiling main.c...
src\main.c(33): warning:  #174-D: expression has no effect
compiling ADC.c...
linking...
.\KEIL\output\template_clean.axf: Error: L6200E: Symbol ADC3ConvertedValue multiply defined (by adc.o and main.o).
Target not created
Build target 'template_clean'
compiling main.c...
linking...
.\KEIL\output\template_clean.axf: Error: L6200E: Symbol ADC3ConvertedValue multiply defined (by adc.o and main.o).
Target not created
Rebuild target 'template_clean'
assembling startup_stm32f4xx.s...
compiling main.c...
compiling ADC.c...
compiling stm32f4xx_it.c...
compiling stm32f4_discovery.c...
compiling system_stm32f4xx.c...
compiling misc.c...
compiling stm32f4xx_adc.c...
compiling stm32f4xx_can.c...
compiling stm32f4xx_crc.c...
compiling stm32f4xx_cryp.c...
compiling stm32f4xx_cryp_aes.c...
compiling stm32f4xx_cryp_des.c...
compiling stm32f4xx_cryp_tdes.c...
compiling stm32f4xx_dac.c...
compiling stm32f4xx_dbgmcu.c...
compiling stm32f4xx_dcmi.c...
compiling stm32f4xx_dma.c...
compiling stm32f4xx_exti.c...
compiling stm32f4xx_flash.c...
compiling stm32f4xx_fsmc.c...
compiling stm32f4xx_gpio.c...
compiling stm32f4xx_hash.c...
compiling stm32f4xx_hash_md5.c...
compiling stm32f4xx_hash_sha1.c...
compiling stm32f4xx_i2c.c...
compiling stm32f4xx_iwdg.c...
compiling stm32f4xx_pwr.c...
compiling stm32f4xx_rcc.c...
compiling stm32f4xx_rng.c...
compiling stm32f4xx_rtc.c...
compiling stm32f4xx_sdio.c...
compiling stm32f4xx_spi.c...
compiling stm32f4xx_syscfg.c...
compiling stm32f4xx_tim.c...
compiling stm32f4xx_usart.c...
compiling stm32f4xx_wwdg.c...
linking...
.\KEIL\output\template_clean.axf: Error: L6200E: Symbol ADC3ConvertedValue multiply defined (by adc.o and main.o).
Target not created
Build target 'template_clean'
compiling main.c...
compiling ADC.c...
linking...
Program Size: Code=6140 RO-data=464 RW-data=60 ZI-data=1028  
".\KEIL\output\template_clean.axf" - 0 Error(s), 0 Warning(s).
Build target 'template_clean'
compiling main.c...
linking...
Program Size: Code=6140 RO-data=464 RW-data=60 ZI-data=1028  
".\KEIL\output\template_clean.axf" - 0 Error(s), 0 Warning(s).
Build target 'template_clean'
compiling main.c...
src\main.c(8): error:  #169: expected a declaration
src\main.c(33): error:  #20: identifier "ADC3ConvertedValue" is undefined
Target not created
Build target 'template_clean'
compiling main.c...
linking...
Program Size: Code=6148 RO-data=464 RW-data=64 ZI-data=1024  
".\KEIL\output\template_clean.axf" - 0 Error(s), 0 Warning(s).
Load "E:\\Programme\\Dropbox\\carolocup\\Carolocup14\\SensorLedRCBoard\\stm32f4_SensorLedRCBoard\\KEIL\\output\\template_clean.AXF" 
Erase Done.
Programming Done.
Verify OK.
Build target 'template_clean'
compiling ADC.c...
src\ADC.c(42): error:  #20: identifier "ADC3ConvertedValue" is undefined
Target not created
Build target 'template_clean'
compiling main.c...
src\main.c(8): error:  #147: declaration is incompatible with "uint16_t ADC3ConvertedValue" (declared at line 7 of ".\inc\ADC.h")
compiling ADC.c...
Target not created
Build target 'template_clean'
compiling main.c...
src\main.c(8): error:  #147: declaration is incompatible with "uint16_t ADC3ConvertedValue" (declared at line 7 of ".\inc\ADC.h")
Target not created
Build target 'template_clean'
compiling main.c...
compiling ADC.c...
src\ADC.c(42): error:  #20: identifier "ADC3ConvertedValue" is undefined
Target not created
Build target 'template_clean'
compiling main.c...
compiling ADC.c...
src\ADC.c(42): error:  #20: identifier "ADC3ConvertedValue" is undefined
Target not created
Build target 'template_clean'
compiling main.c...
.\inc\ADC.h(8): warning:  #1-D: last line of file ends without a newline
compiling ADC.c...
.\inc\ADC.h(8): warning:  #1-D: last line of file ends without a newline
linking...
.\KEIL\output\template_clean.axf: Error: L6200E: Symbol ADC3ConvertedValue multiply defined (by adc.o and main.o).
Target not created
Build target 'template_clean'
compiling main.c...
compiling ADC.c...
linking...
.\KEIL\output\template_clean.axf: Error: L6200E: Symbol ADC3ConvertedValue multiply defined (by adc.o and main.o).
Target not created
Build target 'template_clean'
compiling main.c...
src\main.c(8): error:  #147: declaration is incompatible with "volatile uint16_t ADC3ConvertedValue" (declared at line 8 of ".\inc\ADC.h")
src\main.c(33): warning:  #174-D: expression has no effect
Target not created
Build target 'template_clean'
compiling main.c...
src\main.c(8): error:  #147: declaration is incompatible with "uint16_t ADC3ConvertedValue" (declared at line 8 of ".\inc\ADC.h")
compiling ADC.c...
Target not created
Build target 'template_clean'
compiling main.c...
compiling ADC.c...
linking...
Program Size: Code=6148 RO-data=464 RW-data=64 ZI-data=1024  
".\KEIL\output\template_clean.axf" - 0 Error(s), 0 Warning(s).
Load "E:\\Programme\\Dropbox\\carolocup\\Carolocup14\\SensorLedRCBoard\\stm32f4_SensorLedRCBoard\\KEIL\\output\\template_clean.AXF" 
Erase Done.
Programming Done.
Verify OK.
Build target 'template_clean'
compiling main.c...
linking...
Program Size: Code=6148 RO-data=464 RW-data=64 ZI-data=1024  
".\KEIL\output\template_clean.axf" - 0 Error(s), 0 Warning(s).
Load "E:\\Programme\\Dropbox\\carolocup\\Carolocup14\\SensorLedRCBoard\\stm32f4_SensorLedRCBoard\\KEIL\\output\\template_clean.AXF" 
Erase Done.
Programming Done.
Verify OK.
Build target 'template_clean'
compiling main.c...
linking...
Program Size: Code=6148 RO-data=464 RW-data=64 ZI-data=1024  
".\KEIL\output\template_clean.axf" - 0 Error(s), 0 Warning(s).
Load "E:\\Programme\\Dropbox\\carolocup\\Carolocup14\\SensorLedRCBoard\\stm32f4_SensorLedRCBoard\\KEIL\\output\\template_clean.AXF" 
Erase Done.
Programming Done.
Verify OK.
Build target 'template_clean'
compiling main.c...
src\main.c(88): error:  #20: identifier "ADC3_DR_ADDRESS" is undefined
src\main.c(147): warning:  #1-D: last line of file ends without a newline
compiling ADC.c...
Target not created
Build target 'template_clean'
compiling main.c...
src\main.c(149): warning:  #1-D: last line of file ends without a newline
linking...
Program Size: Code=6108 RO-data=464 RW-data=64 ZI-data=1024  
".\KEIL\output\template_clean.axf" - 0 Error(s), 1 Warning(s).
Build target 'template_clean'
compiling main.c...
src\main.c(150): warning:  #1-D: last line of file ends without a newline
linking...
Program Size: Code=6108 RO-data=464 RW-data=64 ZI-data=1024  
".\KEIL\output\template_clean.axf" - 0 Error(s), 1 Warning(s).
Load "E:\\Programme\\Dropbox\\carolocup\\Carolocup14\\SensorLedRCBoard\\stm32f4_SensorLedRCBoard\\KEIL\\output\\template_clean.AXF" 
Erase Done.
Programming Done.
Verify OK.
Build target 'template_clean'
compiling main.c...
src\main.c(150): warning:  #1-D: last line of file ends without a newline
compiling ADC.c...
linking...
Program Size: Code=6152 RO-data=464 RW-data=64 ZI-data=1024  
".\KEIL\output\template_clean.axf" - 0 Error(s), 1 Warning(s).
Load "E:\\Programme\\Dropbox\\carolocup\\Carolocup14\\SensorLedRCBoard\\stm32f4_SensorLedRCBoard\\KEIL\\output\\template_clean.AXF" 
Erase Done.
Programming Done.
Verify OK.
Build target 'template_clean'
compiling main.c...
.\inc\ADC.h(13): warning:  #1-D: last line of file ends without a newline
src\main.c(13): warning:  #520-D: initialization with "{...}" expected for aggregate object
src\main.c(39): warning:  #174-D: expression has no effect
src\main.c(77): warning:  #1-D: last line of file ends without a newline
compiling ADC.c...
.\inc\ADC.h(13): warning:  #1-D: last line of file ends without a newline
src\ADC.c(114): warning:  #1-D: last line of file ends without a newline
linking...
Program Size: Code=6120 RO-data=464 RW-data=64 ZI-data=1024  
".\KEIL\output\template_clean.axf" - 0 Error(s), 6 Warning(s).
Build target 'template_clean'
compiling main.c...
src\main.c(39): warning:  #174-D: expression has no effect
src\main.c(77): warning:  #1-D: last line of file ends without a newline
compiling ADC.c...
src\ADC.c(114): warning:  #1-D: last line of file ends without a newline
linking...
Program Size: Code=6120 RO-data=464 RW-data=64 ZI-data=1024  
".\KEIL\output\template_clean.axf" - 0 Error(s), 3 Warning(s).
Build target 'template_clean'
compiling main.c...
src\main.c(78): warning:  #1-D: last line of file ends without a newline
linking...
Program Size: Code=6128 RO-data=464 RW-data=64 ZI-data=1024  
".\KEIL\output\template_clean.axf" - 0 Error(s), 1 Warning(s).
Build target 'template_clean'
compiling main.c...
linking...
Program Size: Code=6128 RO-data=464 RW-data=64 ZI-data=1024  
".\KEIL\output\template_clean.axf" - 0 Error(s), 0 Warning(s).
Load "E:\\Programme\\Dropbox\\carolocup\\Carolocup14\\SensorLedRCBoard\\stm32f4_SensorLedRCBoard\\KEIL\\output\\template_clean.AXF" 
Erase Done.
Programming Done.
Verify OK.
Build target 'template_clean'
compiling main.c...
linking...
Program Size: Code=6128 RO-data=464 RW-data=64 ZI-data=1024  
".\KEIL\output\template_clean.axf" - 0 Error(s), 0 Warning(s).
Build target 'template_clean'
compiling main.c...
compiling ADC.c...
src\ADC.c(115): warning:  #1-D: last line of file ends without a newline
linking...
Program Size: Code=6124 RO-data=464 RW-data=64 ZI-data=1024  
".\KEIL\output\template_clean.axf" - 0 Error(s), 1 Warning(s).
Build target 'template_clean'
compiling ADC.c...
src\ADC.c(115): warning:  #1-D: last line of file ends without a newline
linking...
Program Size: Code=6124 RO-data=464 RW-data=64 ZI-data=1024  
".\KEIL\output\template_clean.axf" - 0 Error(s), 1 Warning(s).
Build target 'template_clean'
compiling ADC.c...
linking...
Program Size: Code=6124 RO-data=464 RW-data=64 ZI-data=1024  
".\KEIL\output\template_clean.axf" - 0 Error(s), 0 Warning(s).
Load "E:\\Programme\\Dropbox\\carolocup\\Carolocup14\\SensorLedRCBoard\\stm32f4_SensorLedRCBoard\\KEIL\\output\\template_clean.AXF" 
Erase Done.
Programming Done.
Verify OK.
Build target 'template_clean'
compiling ADC.c...
linking...
Program Size: Code=6132 RO-data=464 RW-data=64 ZI-data=1024  
".\KEIL\output\template_clean.axf" - 0 Error(s), 0 Warning(s).
Load "E:\\Programme\\Dropbox\\carolocup\\Carolocup14\\SensorLedRCBoard\\stm32f4_SensorLedRCBoard\\KEIL\\output\\template_clean.AXF" 
Erase Done.
Programming Done.
Verify OK.
Build target 'template_clean'
compiling ADC.c...
linking...
Program Size: Code=6140 RO-data=464 RW-data=64 ZI-data=1024  
".\KEIL\output\template_clean.axf" - 0 Error(s), 0 Warning(s).
Load "E:\\Programme\\Dropbox\\carolocup\\Carolocup14\\SensorLedRCBoard\\stm32f4_SensorLedRCBoard\\KEIL\\output\\template_clean.AXF" 
Erase Done.
Programming Done.
Verify OK.
Build target 'template_clean'
compiling main.c...
linking...
Program Size: Code=6140 RO-data=464 RW-data=64 ZI-data=1024  
".\KEIL\output\template_clean.axf" - 0 Error(s), 0 Warning(s).
Load "E:\\Programme\\Dropbox\\carolocup\\Carolocup14\\SensorLedRCBoard\\stm32f4_SensorLedRCBoard\\KEIL\\output\\template_clean.AXF" 
Erase Done.
Programming Done.
Verify OK.
Build target 'template_clean'
compiling ADC.c...
linking...
Program Size: Code=6140 RO-data=464 RW-data=64 ZI-data=1024  
".\KEIL\output\template_clean.axf" - 0 Error(s), 0 Warning(s).
Load "E:\\Programme\\Dropbox\\carolocup\\Carolocup14\\SensorLedRCBoard\\stm32f4_SensorLedRCBoard\\KEIL\\output\\template_clean.AXF" 
Erase Done.
Programming Done.
Verify OK.
Build target 'template_clean'
compiling main.c...
compiling ADC.c...
linking...
Program Size: Code=6116 RO-data=464 RW-data=64 ZI-data=1024  
".\KEIL\output\template_clean.axf" - 0 Error(s), 0 Warning(s).
Load "E:\\Programme\\Dropbox\\carolocup\\Carolocup14\\SensorLedRCBoard\\stm32f4_SensorLedRCBoard\\KEIL\\output\\template_clean.AXF" 
Erase Done.
Programming Done.
Verify OK.
Build target 'template_clean'
compiling ADC.c...
linking...
Program Size: Code=6116 RO-data=464 RW-data=64 ZI-data=1024  
".\KEIL\output\template_clean.axf" - 0 Error(s), 0 Warning(s).
Load "E:\\Programme\\Dropbox\\carolocup\\Carolocup14\\SensorLedRCBoard\\stm32f4_SensorLedRCBoard\\KEIL\\output\\template_clean.AXF" 
Erase Done.
Programming Done.
Verify OK.
Build target 'template_clean'
compiling ADC.c...
linking...
Program Size: Code=6116 RO-data=464 RW-data=64 ZI-data=1024  
".\KEIL\output\template_clean.axf" - 0 Error(s), 0 Warning(s).
Load "E:\\Programme\\Dropbox\\carolocup\\Carolocup14\\SensorLedRCBoard\\stm32f4_SensorLedRCBoard\\KEIL\\output\\template_clean.AXF" 
Erase Done.
Programming Done.
Verify OK.
Build target 'template_clean'
compiling main.c...
linking...
Program Size: Code=6112 RO-data=464 RW-data=64 ZI-data=1024  
".\KEIL\output\template_clean.axf" - 0 Error(s), 0 Warning(s).
Load "E:\\Programme\\Dropbox\\carolocup\\Carolocup14\\SensorLedRCBoard\\stm32f4_SensorLedRCBoard\\KEIL\\output\\template_clean.AXF" 
Erase Done.
Programming Done.
Verify OK.
Build target 'template_clean'
compiling main.c...
linking...
Program Size: Code=6112 RO-data=464 RW-data=64 ZI-data=1024  
".\KEIL\output\template_clean.axf" - 0 Error(s), 0 Warning(s).
Load "E:\\Programme\\Dropbox\\carolocup\\Carolocup14\\SensorLedRCBoard\\stm32f4_SensorLedRCBoard\\KEIL\\output\\template_clean.AXF" 
Erase Done.
Programming Done.
Verify OK.
Build target 'template_clean'
compiling main.c...
compiling ADC.c...
linking...
Program Size: Code=5032 RO-data=464 RW-data=64 ZI-data=1024  
".\KEIL\output\template_clean.axf" - 0 Error(s), 0 Warning(s).
Load "E:\\Programme\\Dropbox\\carolocup\\Carolocup14\\SensorLedRCBoard\\stm32f4_SensorLedRCBoard\\KEIL\\output\\template_clean.AXF" 
Erase Done.
Programming Done.
Verify OK.
Build target 'template_clean'
compiling main.c...
src\main.c(24): warning:  #223-D: function "ADC_Configuration" declared implicitly
compiling ADC.c...
linking...
.\KEIL\output\template_clean.axf: Error: L6218E: Undefined symbol ADC_Configuration (referred from main.o).
Target not created
Build target 'template_clean'
compiling main.c...
linking...
Program Size: Code=6104 RO-data=464 RW-data=64 ZI-data=1024  
".\KEIL\output\template_clean.axf" - 0 Error(s), 0 Warning(s).
Load "E:\\Programme\\Dropbox\\carolocup\\Carolocup14\\SensorLedRCBoard\\stm32f4_SensorLedRCBoard\\KEIL\\output\\template_clean.AXF" 
Erase Done.
Programming Done.
Verify OK.
Build target 'template_clean'
compiling main.c...
compiling ADC.c...
linking...
Program Size: Code=5024 RO-data=464 RW-data=64 ZI-data=1024  
".\KEIL\output\template_clean.axf" - 0 Error(s), 0 Warning(s).
Load "E:\\Programme\\Dropbox\\carolocup\\Carolocup14\\SensorLedRCBoard\\stm32f4_SensorLedRCBoard\\KEIL\\output\\template_clean.AXF" 
Erase Done.
Programming Done.
Verify OK.
Build target 'template_clean'
compiling main.c...
linking...
Program Size: Code=5032 RO-data=464 RW-data=64 ZI-data=1024  
".\KEIL\output\template_clean.axf" - 0 Error(s), 0 Warning(s).
Load "E:\\Programme\\Dropbox\\carolocup\\Carolocup14\\SensorLedRCBoard\\stm32f4_SensorLedRCBoard\\KEIL\\output\\template_clean.AXF" 
Erase Done.
Programming Done.
Verify OK.
Build target 'template_clean'
compiling main.c...
compiling ADC.c...
linking...
Program Size: Code=5028 RO-data=464 RW-data=64 ZI-data=1024  
".\KEIL\output\template_clean.axf" - 0 Error(s), 0 Warning(s).
Load "E:\\Programme\\Dropbox\\carolocup\\Carolocup14\\SensorLedRCBoard\\stm32f4_SensorLedRCBoard\\KEIL\\output\\template_clean.AXF" 
Erase Done.
Programming Done.
Verify OK.
Build target 'template_clean'
compiling main.c...
src\main.c(14): error:  #147: declaration is incompatible with "volatile uint16_t ADC3ConvertedValue" (declared at line 8 of ".\inc\ADC.h")
compiling ADC.c...
Target not created
Build target 'template_clean'
compiling main.c...
compiling ADC.c...
linking...
Program Size: Code=5136 RO-data=424 RW-data=40 ZI-data=1024  
".\KEIL\output\template_clean.axf" - 0 Error(s), 0 Warning(s).
Build target 'template_clean'
compiling main.c...
linking...
Program Size: Code=5136 RO-data=424 RW-data=40 ZI-data=1024  
".\KEIL\output\template_clean.axf" - 0 Error(s), 0 Warning(s).
Load "E:\\Programme\\Dropbox\\carolocup\\Carolocup14\\SensorLedRCBoard\\stm32f4_SensorLedRCBoard\\KEIL\\output\\template_clean.AXF" 
Erase Done.
Programming Done.
Verify OK.
Build target 'template_clean'
compiling ADC.c...
linking...
Program Size: Code=5136 RO-data=424 RW-data=40 ZI-data=1024  
".\KEIL\output\template_clean.axf" - 0 Error(s), 0 Warning(s).
Load "E:\\Programme\\Dropbox\\carolocup\\Carolocup14\\SensorLedRCBoard\\stm32f4_SensorLedRCBoard\\KEIL\\output\\template_clean.AXF" 
Erase Done.
Programming Done.
Verify OK.
Build target 'template_clean'
compiling ADC.c...
linking...
Program Size: Code=5136 RO-data=424 RW-data=40 ZI-data=1024  
".\KEIL\output\template_clean.axf" - 0 Error(s), 0 Warning(s).
Load "E:\\Programme\\Dropbox\\carolocup\\Carolocup14\\SensorLedRCBoard\\stm32f4_SensorLedRCBoard\\KEIL\\output\\template_clean.AXF" 
Erase Done.
Programming Done.
Verify OK.
Build target 'template_clean'
compiling ADC.c...
linking...
Program Size: Code=5136 RO-data=424 RW-data=40 ZI-data=1024  
".\KEIL\output\template_clean.axf" - 0 Error(s), 0 Warning(s).
Load "E:\\Programme\\Dropbox\\carolocup\\Carolocup14\\SensorLedRCBoard\\stm32f4_SensorLedRCBoard\\KEIL\\output\\template_clean.AXF" 
Erase Done.
Programming Done.
Verify OK.
Build target 'template_clean'
compiling ADC.c...
linking...
Program Size: Code=5136 RO-data=424 RW-data=40 ZI-data=1024  
".\KEIL\output\template_clean.axf" - 0 Error(s), 0 Warning(s).
Load "E:\\Programme\\Dropbox\\carolocup\\Carolocup14\\SensorLedRCBoard\\stm32f4_SensorLedRCBoard\\KEIL\\output\\template_clean.AXF" 
Erase Done.
Programming Done.
Verify OK.
Build target 'template_clean'
compiling ADC.c...
linking...
Program Size: Code=5140 RO-data=424 RW-data=40 ZI-data=1024  
".\KEIL\output\template_clean.axf" - 0 Error(s), 0 Warning(s).
Load "E:\\Programme\\Dropbox\\carolocup\\Carolocup14\\SensorLedRCBoard\\stm32f4_SensorLedRCBoard\\KEIL\\output\\template_clean.AXF" 
Erase Done.
Programming Done.
Verify OK.
Build target 'template_clean'
compiling ADC.c...
linking...
Program Size: Code=5136 RO-data=424 RW-data=40 ZI-data=1024  
".\KEIL\output\template_clean.axf" - 0 Error(s), 0 Warning(s).
Load "E:\\Programme\\Dropbox\\carolocup\\Carolocup14\\SensorLedRCBoard\\stm32f4_SensorLedRCBoard\\KEIL\\output\\template_clean.AXF" 
Erase Done.
Programming Done.
Verify OK.
Build target 'template_clean'
compiling main.c...
linking...
Program Size: Code=5136 RO-data=424 RW-data=40 ZI-data=1024  
".\KEIL\output\template_clean.axf" - 0 Error(s), 0 Warning(s).
Load "E:\\Programme\\Dropbox\\carolocup\\Carolocup14\\SensorLedRCBoard\\stm32f4_SensorLedRCBoard\\KEIL\\output\\template_clean.AXF" 
Erase Done.
Programming Done.
Verify OK.
Build target 'template_clean'
compiling main.c...
compiling ADC.c...
linking...
Program Size: Code=5136 RO-data=424 RW-data=40 ZI-data=1024  
".\KEIL\output\template_clean.axf" - 0 Error(s), 0 Warning(s).
Load "E:\\Programme\\Dropbox\\carolocup\\Carolocup14\\SensorLedRCBoard\\stm32f4_SensorLedRCBoard\\KEIL\\output\\template_clean.AXF" 
Erase Done.
Programming Done.
Verify OK.
Build target 'template_clean'
compiling main.c...
compiling ADC.c...
linking...
Program Size: Code=5120 RO-data=424 RW-data=40 ZI-data=1024  
".\KEIL\output\template_clean.axf" - 0 Error(s), 0 Warning(s).
Build target 'template_clean'
compiling ADC.c...
src\ADC.c(26): error:  #20: identifier "DMA_DIR_PeripheralSRC" is undefined
src\ADC.c(38): error:  #20: identifier "DMA2_Channel1" is undefined
Target not created
Build target 'template_clean'
compiling ADC.c...
linking...
Program Size: Code=5120 RO-data=424 RW-data=40 ZI-data=1024  
".\KEIL\output\template_clean.axf" - 0 Error(s), 0 Warning(s).
Load "E:\\Programme\\Dropbox\\carolocup\\Carolocup14\\SensorLedRCBoard\\stm32f4_SensorLedRCBoard\\KEIL\\output\\template_clean.AXF" 
Erase Done.
Programming Done.
Verify OK.
Build target 'template_clean'
compiling ADC.c...
linking...
Program Size: Code=5120 RO-data=424 RW-data=40 ZI-data=1024  
".\KEIL\output\template_clean.axf" - 0 Error(s), 0 Warning(s).
Load "E:\\Programme\\Dropbox\\carolocup\\Carolocup14\\SensorLedRCBoard\\stm32f4_SensorLedRCBoard\\KEIL\\output\\template_clean.AXF" 
Erase Done.
Programming Done.
Verify OK.
Build target 'template_clean'
compiling ADC.c...
linking...
Program Size: Code=5120 RO-data=424 RW-data=40 ZI-data=1024  
".\KEIL\output\template_clean.axf" - 0 Error(s), 0 Warning(s).
Build target 'template_clean'
compiling ADC.c...
linking...
Program Size: Code=5120 RO-data=424 RW-data=40 ZI-data=1024  
".\KEIL\output\template_clean.axf" - 0 Error(s), 0 Warning(s).
Load "E:\\Programme\\Dropbox\\carolocup\\Carolocup14\\SensorLedRCBoard\\stm32f4_SensorLedRCBoard\\KEIL\\output\\template_clean.AXF" 
Erase Done.
Programming Done.
Verify OK.
Build target 'template_clean'
compiling main.c...
compiling ADC.c...
linking...
Program Size: Code=5120 RO-data=424 RW-data=40 ZI-data=1024  
".\KEIL\output\template_clean.axf" - 0 Error(s), 0 Warning(s).
Build target 'template_clean'
compiling ADC.c...
linking...
Program Size: Code=5120 RO-data=424 RW-data=40 ZI-data=1024  
".\KEIL\output\template_clean.axf" - 0 Error(s), 0 Warning(s).
Load "E:\\Programme\\Dropbox\\carolocup\\Carolocup14\\SensorLedRCBoard\\stm32f4_SensorLedRCBoard\\KEIL\\output\\template_clean.AXF" 
Erase Done.
Programming Done.
Verify OK.
Build target 'template_clean'
compiling ADC.c...
linking...
Program Size: Code=5120 RO-data=424 RW-data=40 ZI-data=1024  
".\KEIL\output\template_clean.axf" - 0 Error(s), 0 Warning(s).
Load "E:\\Programme\\Dropbox\\carolocup\\Carolocup14\\SensorLedRCBoard\\stm32f4_SensorLedRCBoard\\KEIL\\output\\template_clean.AXF" 
Erase Done.
Programming Done.
Verify OK.
Build target 'template_clean'
compiling ADC.c...
linking...
Program Size: Code=5120 RO-data=424 RW-data=40 ZI-data=1024  
".\KEIL\output\template_clean.axf" - 0 Error(s), 0 Warning(s).
Load "E:\\Programme\\Dropbox\\carolocup\\Carolocup14\\SensorLedRCBoard\\stm32f4_SensorLedRCBoard\\KEIL\\output\\template_clean.AXF" 
Erase Done.
Programming Done.
Verify OK.
Build target 'template_clean'
compiling ADC.c...
linking...
Program Size: Code=5120 RO-data=424 RW-data=40 ZI-data=1024  
".\KEIL\output\template_clean.axf" - 0 Error(s), 0 Warning(s).
Load "E:\\Programme\\Dropbox\\carolocup\\Carolocup14\\SensorLedRCBoard\\stm32f4_SensorLedRCBoard\\KEIL\\output\\template_clean.AXF" 
Erase Done.
Programming Done.
Verify OK.
Build target 'template_clean'
compiling ADC.c...
linking...
Program Size: Code=5120 RO-data=424 RW-data=40 ZI-data=1024  
".\KEIL\output\template_clean.axf" - 0 Error(s), 0 Warning(s).
Load "E:\\Programme\\Dropbox\\carolocup\\Carolocup14\\SensorLedRCBoard\\stm32f4_SensorLedRCBoard\\KEIL\\output\\template_clean.AXF" 
Erase Done.
Programming Done.
Verify OK.
